Archive member included to satisfy reference by file (symbol)

C:/ST/STM32CubeIDE_1.14.1/STM32CubeIDE/plugins/com.st.stm32cube.ide.mcu.externaltools.gnu-tools-for-stm32.12.3.rel1.win32_1.0.200.202406191623/tools/bin/../lib/gcc/arm-none-eabi/12.3.1/../../../../arm-none-eabi/lib/thumb/v7-m/nofp\libc_nano.a(libc_a-exit.o)
                              C:/ST/STM32CubeIDE_1.14.1/STM32CubeIDE/plugins/com.st.stm32cube.ide.mcu.externaltools.gnu-tools-for-stm32.12.3.rel1.win32_1.0.200.202406191623/tools/bin/../lib/gcc/arm-none-eabi/12.3.1/../../../../arm-none-eabi/lib/thumb/v7-m/nofp/crt0.o (exit)
C:/ST/STM32CubeIDE_1.14.1/STM32CubeIDE/plugins/com.st.stm32cube.ide.mcu.externaltools.gnu-tools-for-stm32.12.3.rel1.win32_1.0.200.202406191623/tools/bin/../lib/gcc/arm-none-eabi/12.3.1/../../../../arm-none-eabi/lib/thumb/v7-m/nofp\libc_nano.a(libc_a-findfp.o)
                              C:/ST/STM32CubeIDE_1.14.1/STM32CubeIDE/plugins/com.st.stm32cube.ide.mcu.externaltools.gnu-tools-for-stm32.12.3.rel1.win32_1.0.200.202406191623/tools/bin/../lib/gcc/arm-none-eabi/12.3.1/../../../../arm-none-eabi/lib/thumb/v7-m/nofp\libc_nano.a(libc_a-exit.o) (__stdio_exit_handler)
C:/ST/STM32CubeIDE_1.14.1/STM32CubeIDE/plugins/com.st.stm32cube.ide.mcu.externaltools.gnu-tools-for-stm32.12.3.rel1.win32_1.0.200.202406191623/tools/bin/../lib/gcc/arm-none-eabi/12.3.1/../../../../arm-none-eabi/lib/thumb/v7-m/nofp\libc_nano.a(libc_a-fwalk.o)
                              C:/ST/STM32CubeIDE_1.14.1/STM32CubeIDE/plugins/com.st.stm32cube.ide.mcu.externaltools.gnu-tools-for-stm32.12.3.rel1.win32_1.0.200.202406191623/tools/bin/../lib/gcc/arm-none-eabi/12.3.1/../../../../arm-none-eabi/lib/thumb/v7-m/nofp\libc_nano.a(libc_a-findfp.o) (_fwalk_sglue)
C:/ST/STM32CubeIDE_1.14.1/STM32CubeIDE/plugins/com.st.stm32cube.ide.mcu.externaltools.gnu-tools-for-stm32.12.3.rel1.win32_1.0.200.202406191623/tools/bin/../lib/gcc/arm-none-eabi/12.3.1/../../../../arm-none-eabi/lib/thumb/v7-m/nofp\libc_nano.a(libc_a-sprintf.o)
                              ./Core/Src/main.o (sprintf)
C:/ST/STM32CubeIDE_1.14.1/STM32CubeIDE/plugins/com.st.stm32cube.ide.mcu.externaltools.gnu-tools-for-stm32.12.3.rel1.win32_1.0.200.202406191623/tools/bin/../lib/gcc/arm-none-eabi/12.3.1/../../../../arm-none-eabi/lib/thumb/v7-m/nofp\libc_nano.a(libc_a-stdio.o)
                              C:/ST/STM32CubeIDE_1.14.1/STM32CubeIDE/plugins/com.st.stm32cube.ide.mcu.externaltools.gnu-tools-for-stm32.12.3.rel1.win32_1.0.200.202406191623/tools/bin/../lib/gcc/arm-none-eabi/12.3.1/../../../../arm-none-eabi/lib/thumb/v7-m/nofp\libc_nano.a(libc_a-findfp.o) (__sread)
C:/ST/STM32CubeIDE_1.14.1/STM32CubeIDE/plugins/com.st.stm32cube.ide.mcu.externaltools.gnu-tools-for-stm32.12.3.rel1.win32_1.0.200.202406191623/tools/bin/../lib/gcc/arm-none-eabi/12.3.1/../../../../arm-none-eabi/lib/thumb/v7-m/nofp\libc_nano.a(libc_a-memset.o)
                              C:/ST/STM32CubeIDE_1.14.1/STM32CubeIDE/plugins/com.st.stm32cube.ide.mcu.externaltools.gnu-tools-for-stm32.12.3.rel1.win32_1.0.200.202406191623/tools/bin/../lib/gcc/arm-none-eabi/12.3.1/../../../../arm-none-eabi/lib/thumb/v7-m/nofp/crt0.o (memset)
C:/ST/STM32CubeIDE_1.14.1/STM32CubeIDE/plugins/com.st.stm32cube.ide.mcu.externaltools.gnu-tools-for-stm32.12.3.rel1.win32_1.0.200.202406191623/tools/bin/../lib/gcc/arm-none-eabi/12.3.1/../../../../arm-none-eabi/lib/thumb/v7-m/nofp\libc_nano.a(libc_a-closer.o)
                              C:/ST/STM32CubeIDE_1.14.1/STM32CubeIDE/plugins/com.st.stm32cube.ide.mcu.externaltools.gnu-tools-for-stm32.12.3.rel1.win32_1.0.200.202406191623/tools/bin/../lib/gcc/arm-none-eabi/12.3.1/../../../../arm-none-eabi/lib/thumb/v7-m/nofp\libc_nano.a(libc_a-stdio.o) (_close_r)
C:/ST/STM32CubeIDE_1.14.1/STM32CubeIDE/plugins/com.st.stm32cube.ide.mcu.externaltools.gnu-tools-for-stm32.12.3.rel1.win32_1.0.200.202406191623/tools/bin/../lib/gcc/arm-none-eabi/12.3.1/../../../../arm-none-eabi/lib/thumb/v7-m/nofp\libc_nano.a(libc_a-reent.o)
                              C:/ST/STM32CubeIDE_1.14.1/STM32CubeIDE/plugins/com.st.stm32cube.ide.mcu.externaltools.gnu-tools-for-stm32.12.3.rel1.win32_1.0.200.202406191623/tools/bin/../lib/gcc/arm-none-eabi/12.3.1/../../../../arm-none-eabi/lib/thumb/v7-m/nofp\libc_nano.a(libc_a-closer.o) (errno)
C:/ST/STM32CubeIDE_1.14.1/STM32CubeIDE/plugins/com.st.stm32cube.ide.mcu.externaltools.gnu-tools-for-stm32.12.3.rel1.win32_1.0.200.202406191623/tools/bin/../lib/gcc/arm-none-eabi/12.3.1/../../../../arm-none-eabi/lib/thumb/v7-m/nofp\libc_nano.a(libc_a-impure.o)
                              C:/ST/STM32CubeIDE_1.14.1/STM32CubeIDE/plugins/com.st.stm32cube.ide.mcu.externaltools.gnu-tools-for-stm32.12.3.rel1.win32_1.0.200.202406191623/tools/bin/../lib/gcc/arm-none-eabi/12.3.1/../../../../arm-none-eabi/lib/thumb/v7-m/nofp\libc_nano.a(libc_a-sprintf.o) (_impure_ptr)
[...]
Memory Configuration

Name             Origin             Length             Attributes
RAM              0x20000000         0x00004000         xrw
FLASH            0x08000000         0x00020000         xr
*default*        0x00000000         0xffffffff

Linker script and memory map

LOAD C:/ST/STM32CubeIDE_1.14.1/STM32CubeIDE/plugins/com.st.stm32cube.ide.mcu.externaltools.gnu-tools-for-stm32.12.3.rel1.win32_1.0.200.202406191623/tools/bin/../lib/gcc/arm-none-eabi/12.3.1/thumb/v7-m/nofp/crti.o
LOAD C:/ST/STM32CubeIDE_1.14.1/STM32CubeIDE/plugins/com.st.stm32cube.ide.mcu.externaltools.gnu-tools-for-stm32.12.3.rel1.win32_1.0.200.202406191623/tools/bin/../lib/gcc/arm-none-eabi/12.3.1/thumb/v7-m/nofp/crtbegin.o
LOAD C:/ST/STM32CubeIDE_1.14.1/STM32CubeIDE/plugins/com.st.stm32cube.ide.mcu.externaltools.gnu-tools-for-stm32.12.3.rel1.win32_1.0.200.202406191623/tools/bin/../lib/gcc/arm-none-eabi/12.3.1/../../../../arm-none-eabi/lib/thumb/v7-m/nofp/crt0.o
LOAD ./Core/Src/adc.o
LOAD ./Core/Src/dma.o
LOAD ./Core/Src/gpio.o
LOAD ./Core/Src/main.o
LOAD ./Core/Src/stm32l1xx_hal_msp.o
LOAD ./Core/Src/stm32l1xx_it.o
LOAD ./Core/Src/syscalls.o
LOAD ./Core/Src/sysmem.o
LOAD ./Core/Src/system_stm32l1xx.o
LOAD ./Core/Src/tim.o
LOAD ./Core/Src/usart.o
LOAD ./Core/Startup/startup_stm32l152rbtx.o
LOAD ./Drivers/STM32L1xx_HAL_Driver/Src/stm32l1xx_hal.o
LOAD ./Drivers/STM32L1xx_HAL_Driver/Src/stm32l1xx_hal_adc.o
LOAD ./Drivers/STM32L1xx_HAL_Driver/Src/stm32l1xx_hal_adc_ex.o
LOAD ./Drivers/STM32L1xx_HAL_Driver/Src/stm32l1xx_hal_cortex.o
LOAD ./Drivers/STM32L1xx_HAL_Driver/Src/stm32l1xx_hal_dma.o
LOAD ./Drivers/STM32L1xx_HAL_Driver/Src/stm32l1xx_hal_exti.o
LOAD ./Drivers/STM32L1xx_HAL_Driver/Src/stm32l1xx_hal_flash.o
LOAD ./Drivers/STM32L1xx_HAL_Driver/Src/stm32l1xx_hal_flash_ex.o
LOAD ./Drivers/STM32L1xx_HAL_Driver/Src/stm32l1xx_hal_flash_ramfunc.o
LOAD ./Drivers/STM32L1xx_HAL_Driver/Src/stm32l1xx_hal_gpio.o
LOAD ./Drivers/STM32L1xx_HAL_Driver/Src/stm32l1xx_hal_pwr.o
LOAD ./Drivers/STM32L1xx_HAL_Driver/Src/stm32l1xx_hal_pwr_ex.o
LOAD ./Drivers/STM32L1xx_HAL_Driver/Src/stm32l1xx_hal_rcc.o
LOAD ./Drivers/STM32L1xx_HAL_Driver/Src/stm32l1xx_hal_rcc_ex.o
LOAD ./Drivers/STM32L1xx_HAL_Driver/Src/stm32l1xx_hal_tim.o
LOAD ./Drivers/STM32L1xx_HAL_Driver/Src/stm32l1xx_hal_tim_ex.o
LOAD ./Drivers/STM32L1xx_HAL_Driver/Src/stm32l1xx_hal_uart.o
START GROUP
LOAD C:/ST/STM32CubeIDE_1.14.1/STM32CubeIDE/plugins/com.st.stm32cube.ide.mcu.externaltools.gnu-tools-for-stm32.12.3.rel1.win32_1.0.200.202406191623/tools/bin/../lib/gcc/arm-none-eabi/12.3.1/../../../../arm-none-eabi/lib/thumb/v7-m/nofp\libc_nano.a
LOAD C:/ST/STM32CubeIDE_1.14.1/STM32CubeIDE/plugins/com.st.stm32cube.ide.mcu.externaltools.gnu-tools-for-stm32.12.3.rel1.win32_1.0.200.202406191623/tools/bin/../lib/gcc/arm-none-eabi/12.3.1/../../../../arm-none-eabi/lib/thumb/v7-m/nofp\libm.a
END GROUP
START GROUP
LOAD C:/ST/STM32CubeIDE_1.14.1/STM32CubeIDE/plugins/com.st.stm32cube.ide.mcu.externaltools.gnu-tools-for-stm32.12.3.rel1.win32_1.0.200.202406191623/tools/bin/../lib/gcc/arm-none-eabi/12.3.1/thumb/v7-m/nofp\libgcc.a
LOAD C:/ST/STM32CubeIDE_1.14.1/STM32CubeIDE/plugins/com.st.stm32cube.ide.mcu.externaltools.gnu-tools-for-stm32.12.3.rel1.win32_1.0.200.202406191623/tools/bin/../lib/gcc/arm-none-eabi/12.3.1/../../../../arm-none-eabi/lib/thumb/v7-m/nofp\libc_nano.a
END GROUP
START GROUP
LOAD C:/ST/STM32CubeIDE_1.14.1/STM32CubeIDE/plugins/com.st.stm32cube.ide.mcu.externaltools.gnu-tools-for-stm32.12.3.rel1.win32_1.0.200.202406191623/tools/bin/../lib/gcc/arm-none-eabi/12.3.1/thumb/v7-m/nofp\libgcc.a
LOAD C:/ST/STM32CubeIDE_1.14.1/STM32CubeIDE/plugins/com.st.stm32cube.ide.mcu.externaltools.gnu-tools-for-stm32.12.3.rel1.win32_1.0.200.202406191623/tools/bin/../lib/gcc/arm-none-eabi/12.3.1/../../../../arm-none-eabi/lib/thumb/v7-m/nofp\libc_nano.a
LOAD C:/ST/STM32CubeIDE_1.14.1/STM32CubeIDE/plugins/com.st.stm32cube.ide.mcu.externaltools.gnu-tools-for-stm32.12.3.rel1.win32_1.0.200.202406191623/tools/bin/../lib/gcc/arm-none-eabi/12.3.1/../../../../arm-none-eabi/lib/thumb/v7-m/nofp\libnosys.a
END GROUP
START GROUP
LOAD C:/ST/STM32CubeIDE_1.14.1/STM32CubeIDE/plugins/com.st.stm32cube.ide.mcu.externaltools.gnu-tools-for-stm32.12.3.rel1.win32_1.0.200.202406191623/tools/bin/../lib/gcc/arm-none-eabi/12.3.1/thumb/v7-m/nofp\libgcc.a
LOAD C:/ST/STM32CubeIDE_1.14.1/STM32CubeIDE/plugins/com.st.stm32cube.ide.mcu.externaltools.gnu-tools-for-stm32.12.3.rel1.win32_1.0.200.202406191623/tools/bin/../lib/gcc/arm-none-eabi/12.3.1/../../../../arm-none-eabi/lib/thumb/v7-m/nofp\libc_nano.a
LOAD C:/ST/STM32CubeIDE_1.14.1/STM32CubeIDE/plugins/com.st.stm32cube.ide.mcu.externaltools.gnu-tools-for-stm32.12.3.rel1.win32_1.0.200.202406191623/tools/bin/../lib/gcc/arm-none-eabi/12.3.1/../../../../arm-none-eabi/lib/thumb/v7-m/nofp\libnosys.a
END GROUP
LOAD C:/ST/STM32CubeIDE_1.14.1/STM32CubeIDE/plugins/com.st.stm32cube.ide.mcu.externaltools.gnu-tools-for-stm32.12.3.rel1.win32_1.0.200.202406191623/tools/bin/../lib/gcc/arm-none-eabi/12.3.1/thumb/v7-m/nofp/crtend.o
LOAD C:/ST/STM32CubeIDE_1.14.1/STM32CubeIDE/plugins/com.st.stm32cube.ide.mcu.externaltools.gnu-tools-for-stm32.12.3.rel1.win32_1.0.200.202406191623/tools/bin/../lib/gcc/arm-none-eabi/12.3.1/thumb/v7-m/nofp/crtn.o
                0x20004000                        _estack = (ORIGIN (RAM) + LENGTH (RAM))
                0x00000200                        _Min_Heap_Size = 0x200
                0x00000400                        _Min_Stack_Size = 0x400

.isr_vector     0x08000000      0x13c
                0x08000000                        . = ALIGN (0x4)
 *(.isr_vector)
 .isr_vector    0x08000000      0x13c ./Core/Startup/startup_stm32l152rbtx.o
                0x08000000                g_pfnVectors
                0x0800013c                        . = ALIGN (0x4)

.text           0x08000140     0x4ec4
                0x08000140                        . = ALIGN (0x4)
 *(.text)
 .text          0x08000140       0x40 C:/ST/STM32CubeIDE_1.14.1/STM32CubeIDE/plugins/com.st.stm32cube.ide.mcu.externaltools.gnu-tools-for-stm32.12.3.rel1.win32_1.0.200.202406191623/tools/bin/../lib/gcc/arm-none-eabi/12.3.1/thumb/v7-m/nofp/crtbegin.o
 .text          0x08000180      0x378 C:/ST/STM32CubeIDE_1.14.1/STM32CubeIDE/plugins/com.st.stm32cube.ide.mcu.externaltools.gnu-tools-for-stm32.12.3.rel1.win32_1.0.200.202406191623/tools/bin/../lib/gcc/arm-none-eabi/12.3.1/thumb/v7-m/nofp\libgcc.a(_arm_addsubdf3.o)
                0x08000180                __aeabi_drsub
                0x08000188                __aeabi_dsub
                0x08000188                __subdf3
                0x0800018c                __aeabi_dadd
                0x0800018c                __adddf3
                0x08000404                __floatunsidf
                0x08000404                __aeabi_ui2d
                0x08000424                __floatsidf
                0x08000424                __aeabi_i2d
                0x08000448                __aeabi_f2d
                0x08000448                __extendsfdf2
                0x0800048c                __floatundidf
                0x0800048c                __aeabi_ul2d
                0x0800049c                __floatdidf
                0x0800049c                __aeabi_l2d
 .text          0x080004f8      0x424 C:/ST/STM32CubeIDE_1.14.1/STM32CubeIDE/plugins/com.st.stm32cube.ide.mcu.externaltools.gnu-tools-for-stm32.12.3.rel1.win32_1.0.200.202406191623/tools/bin/../lib/gcc/arm-none-eabi/12.3.1/thumb/v7-m/nofp\libgcc.a(_arm_muldivdf3.o)
                0x080004f8                __aeabi_dmul
                0x080004f8                __muldf3
                0x0800074c                __divdf3
                0x0800074c                __aeabi_ddiv
 .text          0x0800091c       0x50 C:/ST/STM32CubeIDE_1.14.1/STM32CubeIDE/plugins/com.st.stm32cube.ide.mcu.externaltools.gnu-tools-for-stm32.12.3.rel1.win32_1.0.200.202406191623/tools/bin/../lib/gcc/arm-none-eabi/12.3.1/thumb/v7-m/nofp\libgcc.a(_arm_fixdfsi.o)
                0x0800091c                __aeabi_d2iz
                0x0800091c                __fixdfsi
 .text          0x0800096c       0x30 C:/ST/STM32CubeIDE_1.14.1/STM32CubeIDE/plugins/com.st.stm32cube.ide.mcu.externaltools.gnu-tools-for-stm32.12.3.rel1.win32_1.0.200.202406191623/tools/bin/../lib/gcc/arm-none-eabi/12.3.1/thumb/v7-m/nofp\libgcc.a(_aeabi_uldivmod.o)
                0x0800096c                __aeabi_uldivmod
 .text          0x0800099c      0x2b8 C:/ST/STM32CubeIDE_1.14.1/STM32CubeIDE/plugins/com.st.stm32cube.ide.mcu.externaltools.gnu-tools-for-stm32.12.3.rel1.win32_1.0.200.202406191623/tools/bin/../lib/gcc/arm-none-eabi/12.3.1/thumb/v7-m/nofp\libgcc.a(_udivmoddi4.o)
                0x0800099c                __udivmoddi4
 .text          0x08000c54        0x4 C:/ST/STM32CubeIDE_1.14.1/STM32CubeIDE/plugins/com.st.stm32cube.ide.mcu.externaltools.gnu-tools-for-stm32.12.3.rel1.win32_1.0.200.202406191623/tools/bin/../lib/gcc/arm-none-eabi/12.3.1/thumb/v7-m/nofp\libgcc.a(_dvmd_tls.o)
                0x08000c54                __aeabi_idiv0
                0x08000c54                __aeabi_ldiv0
 *(.text*)
 .text.MX_ADC_Init
                0x08000c58       0xb4 ./Core/Src/adc.o
                0x08000c58                MX_ADC_Init
 .text.HAL_ADC_MspInit
                0x08000d0c       0xa4 ./Core/Src/adc.o
                0x08000d0c                HAL_ADC_MspInit
 .text.MX_DMA_Init
                0x08000db0       0x4c ./Core/Src/dma.o
                0x08000db0                MX_DMA_Init
 .text.MX_GPIO_Init
                0x08000dfc       0xac ./Core/Src/gpio.o
                0x08000dfc                MX_GPIO_Init
 .text.main     0x08000ea8       0x30 ./Core/Src/main.o
                0x08000ea8                main
 .text.SystemClock_Config
                0x08000ed8       0x8c ./Core/Src/main.o
                0x08000ed8                SystemClock_Config
 .text.HAL_UART_TxCpltCallback
                0x08000f64       0x1c ./Core/Src/main.o
                0x08000f64                HAL_UART_TxCpltCallback
 .text.HAL_ADC_ConvCpltCallback
                0x08000f80       0xe8 ./Core/Src/main.o
                0x08000f80                HAL_ADC_ConvCpltCallback
 .text.HAL_TIM_PeriodElapsedCallback
                0x08001068       0x40 ./Core/Src/main.o
                0x08001068                HAL_TIM_PeriodElapsedCallback
 .text.HAL_GPIO_EXTI_Callback
                0x080010a8       0x2c ./Core/Src/main.o
                0x080010a8                HAL_GPIO_EXTI_Callback
 .text.Error_Handler
                0x080010d4        0xc ./Core/Src/main.o
                0x080010d4                Error_Handler
 .text.HAL_MspInit
                0x080010e0       0x60 ./Core/Src/stm32l1xx_hal_msp.o
                0x080010e0                HAL_MspInit
 .text.NMI_Handler
                0x08001140        0x8 ./Core/Src/stm32l1xx_it.o
                0x08001140                NMI_Handler
 .text.HardFault_Handler
                0x08001148        0x8 ./Core/Src/stm32l1xx_it.o
                0x08001148                HardFault_Handler
 .text.MemManage_Handler
                0x08001150        0x8 ./Core/Src/stm32l1xx_it.o
                0x08001150                MemManage_Handler
 .text.BusFault_Handler
                0x08001158        0x8 ./Core/Src/stm32l1xx_it.o
                0x08001158                BusFault_Handler
 .text.UsageFault_Handler
                0x08001160        0x8 ./Core/Src/stm32l1xx_it.o
                0x08001160                UsageFault_Handler
 .text.SVC_Handler
                0x08001168        0xc ./Core/Src/stm32l1xx_it.o
                0x08001168                SVC_Handler
 .text.DebugMon_Handler
                0x08001174        0xc ./Core/Src/stm32l1xx_it.o
                0x08001174                DebugMon_Handler
 .text.PendSV_Handler
                0x08001180        0xc ./Core/Src/stm32l1xx_it.o
                0x08001180                PendSV_Handler
 .text.SysTick_Handler
                0x0800118c        0xc ./Core/Src/stm32l1xx_it.o
                0x0800118c                SysTick_Handler
 .text.EXTI0_IRQHandler
                0x08001198        0xe ./Core/Src/stm32l1xx_it.o
                0x08001198                EXTI0_IRQHandler
 *fill*         0x080011a6        0x2 
 .text.DMA1_Channel1_IRQHandler
                0x080011a8       0x14 ./Core/Src/stm32l1xx_it.o
                0x080011a8                DMA1_Channel1_IRQHandler
 .text.DMA1_Channel4_IRQHandler
                0x080011bc       0x14 ./Core/Src/stm32l1xx_it.o
                0x080011bc                DMA1_Channel4_IRQHandler
 .text.ADC1_IRQHandler
                0x080011d0       0x14 ./Core/Src/stm32l1xx_it.o
                0x080011d0                ADC1_IRQHandler
 .text.USART1_IRQHandler
                0x080011e4       0x14 ./Core/Src/stm32l1xx_it.o
                0x080011e4                USART1_IRQHandler
 .text.TIM6_IRQHandler
                0x080011f8       0x14 ./Core/Src/stm32l1xx_it.o
                0x080011f8                TIM6_IRQHandler
 .text._sbrk    0x0800120c       0x6c ./Core/Src/sysmem.o
                0x0800120c                _sbrk
 .text.SystemInit
                0x08001278        0xc ./Core/Src/system_stm32l1xx.o
                0x08001278                SystemInit
 .text.MX_TIM6_Init
                0x08001284       0x6c ./Core/Src/tim.o
                0x08001284                MX_TIM6_Init
 .text.HAL_TIM_Base_MspInit
                0x080012f0       0x4c ./Core/Src/tim.o
                0x080012f0                HAL_TIM_Base_MspInit
 .text.MX_USART1_UART_Init
                0x0800133c       0x54 ./Core/Src/usart.o
                0x0800133c                MX_USART1_UART_Init
 .text.HAL_UART_MspInit
                0x08001390       0xec ./Core/Src/usart.o
                0x08001390                HAL_UART_MspInit
 .text.Reset_Handler
                0x0800147c       0x48 ./Core/Startup/startup_stm32l152rbtx.o
                0x0800147c                Reset_Handler
 .text.Default_Handler
                0x080014c4        0x2 ./Core/Startup/startup_stm32l152rbtx.o
                0x080014c4                RTC_Alarm_IRQHandler
                0x080014c4                EXTI2_IRQHandler
                0x080014c4                TIM10_IRQHandler
                0x080014c4                USB_HP_IRQHandler
                0x080014c4                PVD_IRQHandler
                0x080014c4                EXTI3_IRQHandler
                0x080014c4                I2C2_EV_IRQHandler
                0x080014c4                SPI1_IRQHandler
                0x080014c4                USB_FS_WKUP_IRQHandler
                0x080014c4                USART3_IRQHandler
                0x080014c4                DMA1_Channel7_IRQHandler
                0x080014c4                LCD_IRQHandler
                0x080014c4                TIM4_IRQHandler
                0x080014c4                I2C1_EV_IRQHandler
                0x080014c4                DMA1_Channel6_IRQHandler
                0x080014c4                TIM3_IRQHandler
                0x080014c4                RCC_IRQHandler
                0x080014c4                Default_Handler
                0x080014c4                EXTI15_10_IRQHandler
                0x080014c4                TIM7_IRQHandler
                0x080014c4                EXTI9_5_IRQHandler
                0x080014c4                TIM9_IRQHandler
                0x080014c4                TAMPER_STAMP_IRQHandler
                0x080014c4                RTC_WKUP_IRQHandler
                0x080014c4                SPI2_IRQHandler
                0x080014c4                DMA1_Channel5_IRQHandler
                0x080014c4                USB_LP_IRQHandler
                0x080014c4                EXTI4_IRQHandler
                0x080014c4                DMA1_Channel3_IRQHandler
                0x080014c4                COMP_IRQHandler
                0x080014c4                WWDG_IRQHandler
                0x080014c4                TIM2_IRQHandler
                0x080014c4                DAC_IRQHandler
                0x080014c4                EXTI1_IRQHandler
                0x080014c4                TIM11_IRQHandler
                0x080014c4                USART2_IRQHandler
                0x080014c4                I2C2_ER_IRQHandler
                0x080014c4                DMA1_Channel2_IRQHandler
                0x080014c4                FLASH_IRQHandler
                0x080014c4                I2C1_ER_IRQHandler
 .text.HAL_Init
                0x080014c6       0x30 ./Drivers/STM32L1xx_HAL_Driver/Src/stm32l1xx_hal.o
                0x080014c6                HAL_Init
 *fill*         0x080014f6        0x2 
 .text.HAL_InitTick
                0x080014f8       0x74 ./Drivers/STM32L1xx_HAL_Driver/Src/stm32l1xx_hal.o
                0x080014f8                HAL_InitTick
 .text.HAL_IncTick
                0x0800156c       0x24 ./Drivers/STM32L1xx_HAL_Driver/Src/stm32l1xx_hal.o
                0x0800156c                HAL_IncTick
 .text.HAL_GetTick
                0x08001590       0x14 ./Drivers/STM32L1xx_HAL_Driver/Src/stm32l1xx_hal.o
                0x08001590                HAL_GetTick
 .text.HAL_ADC_Init
                0x080015a4      0x28c ./Drivers/STM32L1xx_HAL_Driver/Src/stm32l1xx_hal_adc.o
                0x080015a4                HAL_ADC_Init
 .text.HAL_ADC_Start_IT
                0x08001830       0xd4 ./Drivers/STM32L1xx_HAL_Driver/Src/stm32l1xx_hal_adc.o
                0x08001830                HAL_ADC_Start_IT
 .text.HAL_ADC_GetValue
                0x08001904       0x18 ./Drivers/STM32L1xx_HAL_Driver/Src/stm32l1xx_hal_adc.o
                0x08001904                HAL_ADC_GetValue
 .text.HAL_ADC_IRQHandler
                0x0800191c      0x1ee ./Drivers/STM32L1xx_HAL_Driver/Src/stm32l1xx_hal_adc.o
                0x0800191c                HAL_ADC_IRQHandler
 .text.HAL_ADC_LevelOutOfWindowCallback
                0x08001b0a       0x12 ./Drivers/STM32L1xx_HAL_Driver/Src/stm32l1xx_hal_adc.o
                0x08001b0a                HAL_ADC_LevelOutOfWindowCallback
 .text.HAL_ADC_ErrorCallback
                0x08001b1c       0x12 ./Drivers/STM32L1xx_HAL_Driver/Src/stm32l1xx_hal_adc.o
                0x08001b1c                HAL_ADC_ErrorCallback
 *fill*         0x08001b2e        0x2 
 .text.HAL_ADC_ConfigChannel
                0x08001b30      0x2a0 ./Drivers/STM32L1xx_HAL_Driver/Src/stm32l1xx_hal_adc.o
                0x08001b30                HAL_ADC_ConfigChannel
 .text.ADC_Enable
                0x08001dd0       0xb8 ./Drivers/STM32L1xx_HAL_Driver/Src/stm32l1xx_hal_adc.o
                0x08001dd0                ADC_Enable
 .text.HAL_ADCEx_InjectedConvCpltCallback
                0x08001e88       0x12 ./Drivers/STM32L1xx_HAL_Driver/Src/stm32l1xx_hal_adc_ex.o
                0x08001e88                HAL_ADCEx_InjectedConvCpltCallback
 *fill*         0x08001e9a        0x2 
 .text.__NVIC_SetPriorityGrouping
                0x08001e9c       0x48 ./Drivers/STM32L1xx_HAL_Driver/Src/stm32l1xx_hal_cortex.o
 .text.__NVIC_GetPriorityGrouping
                0x08001ee4       0x1c ./Drivers/STM32L1xx_HAL_Driver/Src/stm32l1xx_hal_cortex.o
 .text.__NVIC_EnableIRQ
                0x08001f00       0x38 ./Drivers/STM32L1xx_HAL_Driver/Src/stm32l1xx_hal_cortex.o
 .text.__NVIC_SetPriority
                0x08001f38       0x54 ./Drivers/STM32L1xx_HAL_Driver/Src/stm32l1xx_hal_cortex.o
 .text.NVIC_EncodePriority
                0x08001f8c       0x64 ./Drivers/STM32L1xx_HAL_Driver/Src/stm32l1xx_hal_cortex.o
 .text.SysTick_Config
                0x08001ff0       0x44 ./Drivers/STM32L1xx_HAL_Driver/Src/stm32l1xx_hal_cortex.o
 .text.HAL_NVIC_SetPriorityGrouping
                0x08002034       0x16 ./Drivers/STM32L1xx_HAL_Driver/Src/stm32l1xx_hal_cortex.o
                0x08002034                HAL_NVIC_SetPriorityGrouping
 .text.HAL_NVIC_SetPriority
                0x0800204a       0x38 ./Drivers/STM32L1xx_HAL_Driver/Src/stm32l1xx_hal_cortex.o
                0x0800204a                HAL_NVIC_SetPriority
 .text.HAL_NVIC_EnableIRQ
                0x08002082       0x1c ./Drivers/STM32L1xx_HAL_Driver/Src/stm32l1xx_hal_cortex.o
                0x08002082                HAL_NVIC_EnableIRQ
 .text.HAL_SYSTICK_Config
                0x0800209e       0x18 ./Drivers/STM32L1xx_HAL_Driver/Src/stm32l1xx_hal_cortex.o
                0x0800209e                HAL_SYSTICK_Config
 *fill*         0x080020b6        0x2 
 .text.HAL_DMA_Init
                0x080020b8       0xb0 ./Drivers/STM32L1xx_HAL_Driver/Src/stm32l1xx_hal_dma.o
                0x080020b8                HAL_DMA_Init
 .text.HAL_DMA_Start_IT
                0x08002168       0xc0 ./Drivers/STM32L1xx_HAL_Driver/Src/stm32l1xx_hal_dma.o
                0x08002168                HAL_DMA_Start_IT
 .text.HAL_DMA_Abort
                0x08002228       0x7a ./Drivers/STM32L1xx_HAL_Driver/Src/stm32l1xx_hal_dma.o
                0x08002228                HAL_DMA_Abort
 .text.HAL_DMA_Abort_IT
                0x080022a2       0x82 ./Drivers/STM32L1xx_HAL_Driver/Src/stm32l1xx_hal_dma.o
                0x080022a2                HAL_DMA_Abort_IT
 .text.HAL_DMA_IRQHandler
                0x08002324      0x15e ./Drivers/STM32L1xx_HAL_Driver/Src/stm32l1xx_hal_dma.o
                0x08002324                HAL_DMA_IRQHandler
 .text.DMA_SetConfig
                0x08002482       0x5e ./Drivers/STM32L1xx_HAL_Driver/Src/stm32l1xx_hal_dma.o
 .text.HAL_GPIO_Init
                0x080024e0      0x300 ./Drivers/STM32L1xx_HAL_Driver/Src/stm32l1xx_hal_gpio.o
                0x080024e0                HAL_GPIO_Init
 .text.HAL_GPIO_WritePin
                0x080027e0       0x30 ./Drivers/STM32L1xx_HAL_Driver/Src/stm32l1xx_hal_gpio.o
                0x080027e0                HAL_GPIO_WritePin
 .text.HAL_GPIO_TogglePin
                0x08002810       0x32 ./Drivers/STM32L1xx_HAL_Driver/Src/stm32l1xx_hal_gpio.o
                0x08002810                HAL_GPIO_TogglePin
 *fill*         0x08002842        0x2 
 .text.HAL_GPIO_EXTI_IRQHandler
                0x08002844       0x30 ./Drivers/STM32L1xx_HAL_Driver/Src/stm32l1xx_hal_gpio.o
                0x08002844                HAL_GPIO_EXTI_IRQHandler
 .text.HAL_RCC_OscConfig
                0x08002874      0x660 ./Drivers/STM32L1xx_HAL_Driver/Src/stm32l1xx_hal_rcc.o
                0x08002874                HAL_RCC_OscConfig
 .text.HAL_RCC_ClockConfig
                0x08002ed4      0x268 ./Drivers/STM32L1xx_HAL_Driver/Src/stm32l1xx_hal_rcc.o
                0x08002ed4                HAL_RCC_ClockConfig
 .text.HAL_RCC_GetSysClockFreq
                0x0800313c      0x200 ./Drivers/STM32L1xx_HAL_Driver/Src/stm32l1xx_hal_rcc.o
                0x0800313c                HAL_RCC_GetSysClockFreq
 .text.HAL_RCC_GetHCLKFreq
                0x0800333c       0x14 ./Drivers/STM32L1xx_HAL_Driver/Src/stm32l1xx_hal_rcc.o
                0x0800333c                HAL_RCC_GetHCLKFreq
 .text.HAL_RCC_GetPCLK1Freq
                0x08003350       0x28 ./Drivers/STM32L1xx_HAL_Driver/Src/stm32l1xx_hal_rcc.o
                0x08003350                HAL_RCC_GetPCLK1Freq
 .text.HAL_RCC_GetPCLK2Freq
                0x08003378       0x28 ./Drivers/STM32L1xx_HAL_Driver/Src/stm32l1xx_hal_rcc.o
                0x08003378                HAL_RCC_GetPCLK2Freq
 .text.RCC_SetFlashLatencyFromMSIRange
                0x080033a0       0xc0 ./Drivers/STM32L1xx_HAL_Driver/Src/stm32l1xx_hal_rcc.o
 .text.HAL_TIM_Base_Init
                0x08003460       0x7e ./Drivers/STM32L1xx_HAL_Driver/Src/stm32l1xx_hal_tim.o
                0x08003460                HAL_TIM_Base_Init
 *fill*         0x080034de        0x2 
 .text.HAL_TIM_Base_Start_IT
                0x080034e0       0xa4 ./Drivers/STM32L1xx_HAL_Driver/Src/stm32l1xx_hal_tim.o
                0x080034e0                HAL_TIM_Base_Start_IT
 .text.HAL_TIM_IRQHandler
                0x08003584      0x1b8 ./Drivers/STM32L1xx_HAL_Driver/Src/stm32l1xx_hal_tim.o
                0x08003584                HAL_TIM_IRQHandler
 .text.HAL_TIM_OC_DelayElapsedCallback
                0x0800373c       0x12 ./Drivers/STM32L1xx_HAL_Driver/Src/stm32l1xx_hal_tim.o
                0x0800373c                HAL_TIM_OC_DelayElapsedCallback
 .text.HAL_TIM_IC_CaptureCallback
                0x0800374e       0x12 ./Drivers/STM32L1xx_HAL_Driver/Src/stm32l1xx_hal_tim.o
                0x0800374e                HAL_TIM_IC_CaptureCallback
 .text.HAL_TIM_PWM_PulseFinishedCallback
                0x08003760       0x12 ./Drivers/STM32L1xx_HAL_Driver/Src/stm32l1xx_hal_tim.o
                0x08003760                HAL_TIM_PWM_PulseFinishedCallback
 .text.HAL_TIM_TriggerCallback
                0x08003772       0x12 ./Drivers/STM32L1xx_HAL_Driver/Src/stm32l1xx_hal_tim.o
                0x08003772                HAL_TIM_TriggerCallback
 .text.TIM_Base_SetConfig
                0x08003784       0xc4 ./Drivers/STM32L1xx_HAL_Driver/Src/stm32l1xx_hal_tim.o
 .text.HAL_TIMEx_MasterConfigSynchronization
                0x08003848       0xbc ./Drivers/STM32L1xx_HAL_Driver/Src/stm32l1xx_hal_tim_ex.o
                0x08003848                HAL_TIMEx_MasterConfigSynchronization
 .text.HAL_UART_Init
                0x08003904       0xa0 ./Drivers/STM32L1xx_HAL_Driver/Src/stm32l1xx_hal_uart.o
                0x08003904                HAL_UART_Init
 .text.HAL_UART_Transmit_DMA
                0x080039a4       0xe0 ./Drivers/STM32L1xx_HAL_Driver/Src/stm32l1xx_hal_uart.o
                0x080039a4                HAL_UART_Transmit_DMA
 .text.HAL_UART_IRQHandler
                0x08003a84      0x524 ./Drivers/STM32L1xx_HAL_Driver/Src/stm32l1xx_hal_uart.o
                0x08003a84                HAL_UART_IRQHandler
 .text.HAL_UART_TxHalfCpltCallback
                0x08003fa8       0x12 ./Drivers/STM32L1xx_HAL_Driver/Src/stm32l1xx_hal_uart.o
                0x08003fa8                HAL_UART_TxHalfCpltCallback
 .text.HAL_UART_RxCpltCallback
                0x08003fba       0x12 ./Drivers/STM32L1xx_HAL_Driver/Src/stm32l1xx_hal_uart.o
                0x08003fba                HAL_UART_RxCpltCallback
 .text.HAL_UART_ErrorCallback
                0x08003fcc       0x12 ./Drivers/STM32L1xx_HAL_Driver/Src/stm32l1xx_hal_uart.o
                0x08003fcc                HAL_UART_ErrorCallback
 .text.HAL_UARTEx_RxEventCallback
                0x08003fde       0x16 ./Drivers/STM32L1xx_HAL_Driver/Src/stm32l1xx_hal_uart.o
                0x08003fde                HAL_UARTEx_RxEventCallback
 .text.UART_DMATransmitCplt
                0x08003ff4       0x9a ./Drivers/STM32L1xx_HAL_Driver/Src/stm32l1xx_hal_uart.o
 .text.UART_DMATxHalfCplt
                0x0800408e       0x1c ./Drivers/STM32L1xx_HAL_Driver/Src/stm32l1xx_hal_uart.o
 .text.UART_DMAError
                0x080040aa       0x94 ./Drivers/STM32L1xx_HAL_Driver/Src/stm32l1xx_hal_uart.o
 .text.UART_EndTxTransfer
                0x0800413e       0x4e ./Drivers/STM32L1xx_HAL_Driver/Src/stm32l1xx_hal_uart.o
 .text.UART_EndRxTransfer
                0x0800418c       0xc4 ./Drivers/STM32L1xx_HAL_Driver/Src/stm32l1xx_hal_uart.o
 .text.UART_DMAAbortOnError
                0x08004250       0x28 ./Drivers/STM32L1xx_HAL_Driver/Src/stm32l1xx_hal_uart.o
 .text.UART_Transmit_IT
                0x08004278       0x9e ./Drivers/STM32L1xx_HAL_Driver/Src/stm32l1xx_hal_uart.o
 .text.UART_EndTransmit_IT
                0x08004316       0x30 ./Drivers/STM32L1xx_HAL_Driver/Src/stm32l1xx_hal_uart.o
 .text.UART_Receive_IT
                0x08004346      0x17c ./Drivers/STM32L1xx_HAL_Driver/Src/stm32l1xx_hal_uart.o
 *fill*         0x080044c2        0x2 
 .text.UART_SetConfig
                0x080044c4      0x1c8 ./Drivers/STM32L1xx_HAL_Driver/Src/stm32l1xx_hal_uart.o
 .text.sprintf  0x0800468c       0x40 C:/ST/STM32CubeIDE_1.14.1/STM32CubeIDE/plugins/com.st.stm32cube.ide.mcu.externaltools.gnu-tools-for-stm32.12.3.rel1.win32_1.0.200.202406191623/tools/bin/../lib/gcc/arm-none-eabi/12.3.1/../../../../arm-none-eabi/lib/thumb/v7-m/nofp\libc_nano.a(libc_a-sprintf.o)
                0x0800468c                siprintf
                0x0800468c                sprintf
 .text.memset   0x080046cc       0x10 C:/ST/STM32CubeIDE_1.14.1/STM32CubeIDE/plugins/com.st.stm32cube.ide.mcu.externaltools.gnu-tools-for-stm32.12.3.rel1.win32_1.0.200.202406191623/tools/bin/../lib/gcc/arm-none-eabi/12.3.1/../../../../arm-none-eabi/lib/thumb/v7-m/nofp\libc_nano.a(libc_a-memset.o)
                0x080046cc                memset
 .text.__errno  0x080046dc        0xc C:/ST/STM32CubeIDE_1.14.1/STM32CubeIDE/plugins/com.st.stm32cube.ide.mcu.externaltools.gnu-tools-for-stm32.12.3.rel1.win32_1.0.200.202406191623/tools/bin/../lib/gcc/arm-none-eabi/12.3.1/../../../../arm-none-eabi/lib/thumb/v7-m/nofp\libc_nano.a(libc_a-errno.o)
                0x080046dc                __errno
 .text.__libc_init_array
                0x080046e8       0x48 C:/ST/STM32CubeIDE_1.14.1/STM32CubeIDE/plugins/com.st.stm32cube.ide.mcu.externaltools.gnu-tools-for-stm32.12.3.rel1.win32_1.0.200.202406191623/tools/bin/../lib/gcc/arm-none-eabi/12.3.1/../../../../arm-none-eabi/lib/thumb/v7-m/nofp\libc_nano.a(libc_a-init.o)
                0x080046e8                __libc_init_array
 .text.__retarget_lock_acquire_recursive
                0x08004730        0x2 C:/ST/STM32CubeIDE_1.14.1/STM32CubeIDE/plugins/com.st.stm32cube.ide.mcu.externaltools.gnu-tools-for-stm32.12.3.rel1.win32_1.0.200.202406191623/tools/bin/../lib/gcc/arm-none-eabi/12.3.1/../../../../arm-none-eabi/lib/thumb/v7-m/nofp\libc_nano.a(libc_a-lock.o)
                0x08004730                __retarget_lock_acquire_recursive
 .text.__retarget_lock_release_recursive
                0x08004732        0x2 C:/ST/STM32CubeIDE_1.14.1/STM32CubeIDE/plugins/com.st.stm32cube.ide.mcu.externaltools.gnu-tools-for-stm32.12.3.rel1.win32_1.0.200.202406191623/tools/bin/../lib/gcc/arm-none-eabi/12.3.1/../../../../arm-none-eabi/lib/thumb/v7-m/nofp\libc_nano.a(libc_a-lock.o)
                0x08004732                __retarget_lock_release_recursive
 .text._free_r  0x08004734       0x90 C:/ST/STM32CubeIDE_1.14.1/STM32CubeIDE/plugins/com.st.stm32cube.ide.mcu.externaltools.gnu-tools-for-stm32.12.3.rel1.win32_1.0.200.202406191623/tools/bin/../lib/gcc/arm-none-eabi/12.3.1/../../../../arm-none-eabi/lib/thumb/v7-m/nofp\libc_nano.a(libc_a-freer.o)
                0x08004734                _free_r
 .text.sbrk_aligned
                0x080047c4       0x44 C:/ST/STM32CubeIDE_1.14.1/STM32CubeIDE/plugins/com.st.stm32cube.ide.mcu.externaltools.gnu-tools-for-stm32.12.3.rel1.win32_1.0.200.202406191623/tools/bin/../lib/gcc/arm-none-eabi/12.3.1/../../../../arm-none-eabi/lib/thumb/v7-m/nofp\libc_nano.a(libc_a-mallocr.o)
 .text._malloc_r
                0x08004808      0x100 C:/ST/STM32CubeIDE_1.14.1/STM32CubeIDE/plugins/com.st.stm32cube.ide.mcu.externaltools.gnu-tools-for-stm32.12.3.rel1.win32_1.0.200.202406191623/tools/bin/../lib/gcc/arm-none-eabi/12.3.1/../../../../arm-none-eabi/lib/thumb/v7-m/nofp\libc_nano.a(libc_a-mallocr.o)
                0x08004808                _malloc_r
 .text.__malloc_lock
                0x08004908        0xc C:/ST/STM32CubeIDE_1.14.1/STM32CubeIDE/plugins/com.st.stm32cube.ide.mcu.externaltools.gnu-tools-for-stm32.12.3.rel1.win32_1.0.200.202406191623/tools/bin/../lib/gcc/arm-none-eabi/12.3.1/../../../../arm-none-eabi/lib/thumb/v7-m/nofp\libc_nano.a(libc_a-mlock.o)
                0x08004908                __malloc_lock
 .text.__malloc_unlock
                0x08004914        0xc C:/ST/STM32CubeIDE_1.14.1/STM32CubeIDE/plugins/com.st.stm32cube.ide.mcu.externaltools.gnu-tools-for-stm32.12.3.rel1.win32_1.0.200.202406191623/tools/bin/../lib/gcc/arm-none-eabi/12.3.1/../../../../arm-none-eabi/lib/thumb/v7-m/nofp\libc_nano.a(libc_a-mlock.o)
                0x08004914                __malloc_unlock
 .text.__ssputs_r
                0x08004920       0xb6 C:/ST/STM32CubeIDE_1.14.1/STM32CubeIDE/plugins/com.st.stm32cube.ide.mcu.externaltools.gnu-tools-for-stm32.12.3.rel1.win32_1.0.200.202406191623/tools/bin/../lib/gcc/arm-none-eabi/12.3.1/../../../../arm-none-eabi/lib/thumb/v7-m/nofp\libc_nano.a(libc_a-nano-svfprintf.o)
                0x08004920                __ssputs_r
 *fill*         0x080049d6        0x2 
 .text._svfprintf_r
                0x080049d8      0x1f8 C:/ST/STM32CubeIDE_1.14.1/STM32CubeIDE/plugins/com.st.stm32cube.ide.mcu.externaltools.gnu-tools-for-stm32.12.3.rel1.win32_1.0.200.202406191623/tools/bin/../lib/gcc/arm-none-eabi/12.3.1/../../../../arm-none-eabi/lib/thumb/v7-m/nofp\libc_nano.a(libc_a-nano-svfprintf.o)
                0x080049d8                _svfiprintf_r
                0x080049d8                _svfprintf_r
 .text._printf_common
                0x08004bd0       0xe4 C:/ST/STM32CubeIDE_1.14.1/STM32CubeIDE/plugins/com.st.stm32cube.ide.mcu.externaltools.gnu-tools-for-stm32.12.3.rel1.win32_1.0.200.202406191623/tools/bin/../lib/gcc/arm-none-eabi/12.3.1/../../../../arm-none-eabi/lib/thumb/v7-m/nofp\libc_nano.a(libc_a-nano-vfprintf_i.o)
                0x08004bd0                _printf_common
 .text._printf_i
                0x08004cb4      0x240 C:/ST/STM32CubeIDE_1.14.1/STM32CubeIDE/plugins/com.st.stm32cube.ide.mcu.externaltools.gnu-tools-for-stm32.12.3.rel1.win32_1.0.200.202406191623/tools/bin/../lib/gcc/arm-none-eabi/12.3.1/../../../../arm-none-eabi/lib/thumb/v7-m/nofp\libc_nano.a(libc_a-nano-vfprintf_i.o)
                0x08004cb4                _printf_i
 .text.memmove  0x08004ef4       0x34 C:/ST/STM32CubeIDE_1.14.1/STM32CubeIDE/plugins/com.st.stm32cube.ide.mcu.externaltools.gnu-tools-for-stm32.12.3.rel1.win32_1.0.200.202406191623/tools/bin/../lib/gcc/arm-none-eabi/12.3.1/../../../../arm-none-eabi/lib/thumb/v7-m/nofp\libc_nano.a(libc_a-memmove.o)
                0x08004ef4                memmove
 .text._sbrk_r  0x08004f28       0x20 C:/ST/STM32CubeIDE_1.14.1/STM32CubeIDE/plugins/com.st.stm32cube.ide.mcu.externaltools.gnu-tools-for-stm32.12.3.rel1.win32_1.0.200.202406191623/tools/bin/../lib/gcc/arm-none-eabi/12.3.1/../../../../arm-none-eabi/lib/thumb/v7-m/nofp\libc_nano.a(libc_a-sbrkr.o)
                0x08004f28                _sbrk_r
 .text.memchr   0x08004f48       0x1c C:/ST/STM32CubeIDE_1.14.1/STM32CubeIDE/plugins/com.st.stm32cube.ide.mcu.externaltools.gnu-tools-for-stm32.12.3.rel1.win32_1.0.200.202406191623/tools/bin/../lib/gcc/arm-none-eabi/12.3.1/../../../../arm-none-eabi/lib/thumb/v7-m/nofp\libc_nano.a(libc_a-memchr-stub.o)
                0x08004f48                memchr
 .text.memcpy   0x08004f64       0x1c C:/ST/STM32CubeIDE_1.14.1/STM32CubeIDE/plugins/com.st.stm32cube.ide.mcu.externaltools.gnu-tools-for-stm32.12.3.rel1.win32_1.0.200.202406191623/tools/bin/../lib/gcc/arm-none-eabi/12.3.1/../../../../arm-none-eabi/lib/thumb/v7-m/nofp\libc_nano.a(libc_a-memcpy-stub.o)
                0x08004f64                memcpy
 .text._realloc_r
                0x08004f80       0x5c C:/ST/STM32CubeIDE_1.14.1/STM32CubeIDE/plugins/com.st.stm32cube.ide.mcu.externaltools.gnu-tools-for-stm32.12.3.rel1.win32_1.0.200.202406191623/tools/bin/../lib/gcc/arm-none-eabi/12.3.1/../../../../arm-none-eabi/lib/thumb/v7-m/nofp\libc_nano.a(libc_a-reallocr.o)
                0x08004f80                _realloc_r
 .text._malloc_usable_size_r
                0x08004fdc       0x10 C:/ST/STM32CubeIDE_1.14.1/STM32CubeIDE/plugins/com.st.stm32cube.ide.mcu.externaltools.gnu-tools-for-stm32.12.3.rel1.win32_1.0.200.202406191623/tools/bin/../lib/gcc/arm-none-eabi/12.3.1/../../../../arm-none-eabi/lib/thumb/v7-m/nofp\libc_nano.a(libc_a-msizer.o)
                0x08004fdc                _malloc_usable_size_r
 *(.glue_7)
 .glue_7        0x08004fec        0x0 linker stubs
 *(.glue_7t)
 .glue_7t       0x08004fec        0x0 linker stubs
 *(.eh_frame)
 .eh_frame      0x08004fec        0x0 C:/ST/STM32CubeIDE_1.14.1/STM32CubeIDE/plugins/com.st.stm32cube.ide.mcu.externaltools.gnu-tools-for-stm32.12.3.rel1.win32_1.0.200.202406191623/tools/bin/../lib/gcc/arm-none-eabi/12.3.1/thumb/v7-m/nofp/crtbegin.o
 *(.init)
 .init          0x08004fec        0x4 C:/ST/STM32CubeIDE_1.14.1/STM32CubeIDE/plugins/com.st.stm32cube.ide.mcu.externaltools.gnu-tools-for-stm32.12.3.rel1.win32_1.0.200.202406191623/tools/bin/../lib/gcc/arm-none-eabi/12.3.1/thumb/v7-m/nofp/crti.o
                0x08004fec                _init
 .init          0x08004ff0        0x8 C:/ST/STM32CubeIDE_1.14.1/STM32CubeIDE/plugins/com.st.stm32cube.ide.mcu.externaltools.gnu-tools-for-stm32.12.3.rel1.win32_1.0.200.202406191623/tools/bin/../lib/gcc/arm-none-eabi/12.3.1/thumb/v7-m/nofp/crtn.o
 *(.fini)
 .fini          0x08004ff8        0x4 C:/ST/STM32CubeIDE_1.14.1/STM32CubeIDE/plugins/com.st.stm32cube.ide.mcu.externaltools.gnu-tools-for-stm32.12.3.rel1.win32_1.0.200.202406191623/tools/bin/../lib/gcc/arm-none-eabi/12.3.1/thumb/v7-m/nofp/crti.o
                0x08004ff8                _fini
 .fini          0x08004ffc        0x8 C:/ST/STM32CubeIDE_1.14.1/STM32CubeIDE/plugins/com.st.stm32cube.ide.mcu.externaltools.gnu-tools-for-stm32.12.3.rel1.win32_1.0.200.202406191623/tools/bin/../lib/gcc/arm-none-eabi/12.3.1/thumb/v7-m/nofp/crtn.o
                0x08005004                        . = ALIGN (0x4)
                0x08005004                        _etext = .

.vfp11_veneer   0x08005004        0x0
 .vfp11_veneer  0x08005004        0x0 linker stubs

.v4_bx          0x08005004        0x0
 .v4_bx         0x08005004        0x0 linker stubs

.iplt           0x08005004        0x0
 .iplt          0x08005004        0x0 C:/ST/STM32CubeIDE_1.14.1/STM32CubeIDE/plugins/com.st.stm32cube.ide.mcu.externaltools.gnu-tools-for-stm32.12.3.rel1.win32_1.0.200.202406191623/tools/bin/../lib/gcc/arm-none-eabi/12.3.1/thumb/v7-m/nofp/crtbegin.o

.rodata         0x08005004       0x60
                0x08005004                        . = ALIGN (0x4)
 *(.rodata)
 .rodata        0x08005004        0x5 ./Core/Src/main.o
 *(.rodata*)
 *fill*         0x08005009        0x3 
 .rodata.PLLMulTable
                0x0800500c        0x9 ./Core/Src/system_stm32l1xx.o
                0x0800500c                PLLMulTable
 *fill*         0x08005015        0x3 
 .rodata.AHBPrescTable
                0x08005018       0x10 ./Core/Src/system_stm32l1xx.o
                0x08005018                AHBPrescTable
 .rodata.APBPrescTable
                0x08005028        0x8 ./Core/Src/system_stm32l1xx.o
                0x08005028                APBPrescTable
 .rodata._svfprintf_r.str1.1
                0x08005030       0x11 C:/ST/STM32CubeIDE_1.14.1/STM32CubeIDE/plugins/com.st.stm32cube.ide.mcu.externaltools.gnu-tools-for-stm32.12.3.rel1.win32_1.0.200.202406191623/tools/bin/../lib/gcc/arm-none-eabi/12.3.1/../../../../arm-none-eabi/lib/thumb/v7-m/nofp\libc_nano.a(libc_a-nano-svfprintf.o)
 .rodata._printf_i.str1.1
                0x08005041       0x22 C:/ST/STM32CubeIDE_1.14.1/STM32CubeIDE/plugins/com.st.stm32cube.ide.mcu.externaltools.gnu-tools-for-stm32.12.3.rel1.win32_1.0.200.202406191623/tools/bin/../lib/gcc/arm-none-eabi/12.3.1/../../../../arm-none-eabi/lib/thumb/v7-m/nofp\libc_nano.a(libc_a-nano-vfprintf_i.o)
                0x08005064                        . = ALIGN (0x4)
 *fill*         0x08005063        0x1 

.ARM.extab      0x08005064        0x0
                0x08005064                        . = ALIGN (0x4)
 *(.ARM.extab* .gnu.linkonce.armextab.*)
                0x08005064                        . = ALIGN (0x4)

.ARM            0x08005064        0x8
                0x08005064                        . = ALIGN (0x4)
                0x08005064                        __exidx_start = .
 *(.ARM.exidx*)
 .ARM.exidx     0x08005064        0x8 C:/ST/STM32CubeIDE_1.14.1/STM32CubeIDE/plugins/com.st.stm32cube.ide.mcu.externaltools.gnu-tools-for-stm32.12.3.rel1.win32_1.0.200.202406191623/tools/bin/../lib/gcc/arm-none-eabi/12.3.1/thumb/v7-m/nofp\libgcc.a(_udivmoddi4.o)
                0x0800506c                        __exidx_end = .
                0x0800506c                        . = ALIGN (0x4)

.preinit_array  0x0800506c        0x0
                0x0800506c                        . = ALIGN (0x4)
                0x0800506c                        PROVIDE (__preinit_array_start = .)
 *(.preinit_array*)
                0x0800506c                        PROVIDE (__preinit_array_end = .)
                0x0800506c                        . = ALIGN (0x4)

.init_array     0x0800506c        0x4
                0x0800506c                        . = ALIGN (0x4)
                0x0800506c                        PROVIDE (__init_array_start = .)
 *(SORT_BY_NAME(.init_array.*))
 *(.init_array*)
 .init_array    0x0800506c        0x4 C:/ST/STM32CubeIDE_1.14.1/STM32CubeIDE/plugins/com.st.stm32cube.ide.mcu.externaltools.gnu-tools-for-stm32.12.3.rel1.win32_1.0.200.202406191623/tools/bin/../lib/gcc/arm-none-eabi/12.3.1/thumb/v7-m/nofp/crtbegin.o
                0x08005070                        PROVIDE (__init_array_end = .)
                0x08005070                        . = ALIGN (0x4)

.fini_array     0x08005070        0x4
                0x08005070                        . = ALIGN (0x4)
                [!provide]                        PROVIDE (__fini_array_start = .)
 *(SORT_BY_NAME(.fini_array.*))
 *(.fini_array*)
 .fini_array    0x08005070        0x4 C:/ST/STM32CubeIDE_1.14.1/STM32CubeIDE/plugins/com.st.stm32cube.ide.mcu.externaltools.gnu-tools-for-stm32.12.3.rel1.win32_1.0.200.202406191623/tools/bin/../lib/gcc/arm-none-eabi/12.3.1/thumb/v7-m/nofp/crtbegin.o
                [!provide]                        PROVIDE (__fini_array_end = .)
                0x08005074                        . = ALIGN (0x4)
                0x08005074                        _sidata = LOADADDR (.data)

.rel.dyn        0x08005074        0x0
 .rel.iplt      0x08005074        0x0 C:/ST/STM32CubeIDE_1.14.1/STM32CubeIDE/plugins/com.st.stm32cube.ide.mcu.externaltools.gnu-tools-for-stm32.12.3.rel1.win32_1.0.200.202406191623/tools/bin/../lib/gcc/arm-none-eabi/12.3.1/thumb/v7-m/nofp/crtbegin.o

.data           0x20000000       0x60 load address 0x08005074
                0x20000000                        . = ALIGN (0x4)
                0x20000000                        _sdata = .
 *(.data)
 *(.data*)
 .data.isSent   0x20000000        0x1 ./Core/Src/main.o
                0x20000000                isSent
 *fill*         0x20000001        0x3 
 .data.SystemCoreClock
                0x20000004        0x4 ./Core/Src/system_stm32l1xx.o
                0x20000004                SystemCoreClock
 .data.uwTickPrio
                0x20000008        0x4 ./Drivers/STM32L1xx_HAL_Driver/Src/stm32l1xx_hal.o
                0x20000008                uwTickPrio
 .data.uwTickFreq
                0x2000000c        0x4 ./Drivers/STM32L1xx_HAL_Driver/Src/stm32l1xx_hal.o
                0x2000000c                uwTickFreq
 .data._impure_ptr
                0x20000010        0x4 C:/ST/STM32CubeIDE_1.14.1/STM32CubeIDE/plugins/com.st.stm32cube.ide.mcu.externaltools.gnu-tools-for-stm32.12.3.rel1.win32_1.0.200.202406191623/tools/bin/../lib/gcc/arm-none-eabi/12.3.1/../../../../arm-none-eabi/lib/thumb/v7-m/nofp\libc_nano.a(libc_a-impure.o)
                0x20000010                _impure_ptr
 .data._impure_data
                0x20000014       0x4c C:/ST/STM32CubeIDE_1.14.1/STM32CubeIDE/plugins/com.st.stm32cube.ide.mcu.externaltools.gnu-tools-for-stm32.12.3.rel1.win32_1.0.200.202406191623/tools/bin/../lib/gcc/arm-none-eabi/12.3.1/../../../../arm-none-eabi/lib/thumb/v7-m/nofp\libc_nano.a(libc_a-impure.o)
                0x20000014                _impure_data
 *(.RamFunc)
 *(.RamFunc*)
                0x20000060                        . = ALIGN (0x4)
                0x20000060                        _edata = .

.igot.plt       0x20000060        0x0 load address 0x080050d4
 .igot.plt      0x20000060        0x0 C:/ST/STM32CubeIDE_1.14.1/STM32CubeIDE/plugins/com.st.stm32cube.ide.mcu.externaltools.gnu-tools-for-stm32.12.3.rel1.win32_1.0.200.202406191623/tools/bin/../lib/gcc/arm-none-eabi/12.3.1/thumb/v7-m/nofp/crtbegin.o
                0x20000060                        . = ALIGN (0x4)

.bss            0x20000060      0x2e8 load address 0x080050d4
                0x20000060                        _sbss = .
                0x20000060                        __bss_start__ = _sbss
 *(.bss)
 .bss           0x20000060       0x1c C:/ST/STM32CubeIDE_1.14.1/STM32CubeIDE/plugins/com.st.stm32cube.ide.mcu.externaltools.gnu-tools-for-stm32.12.3.rel1.win32_1.0.200.202406191623/tools/bin/../lib/gcc/arm-none-eabi/12.3.1/thumb/v7-m/nofp/crtbegin.o
 *(.bss*)
 .bss.hadc      0x2000007c       0x54 ./Core/Src/adc.o
                0x2000007c                hadc
 .bss.hdma_adc  0x200000d0       0x44 ./Core/Src/adc.o
                0x200000d0                hdma_adc
 .bss.Buffer_ADC
                0x20000114        0x1 ./Core/Src/main.o
                0x20000114                Buffer_ADC
 *fill*         0x20000115        0x3 
 .bss.temperatureStr
                0x20000118       0x14 ./Core/Src/main.o
                0x20000118                temperatureStr
 .bss.__sbrk_heap_end
                0x2000012c        0x4 ./Core/Src/sysmem.o
 .bss.htim6     0x20000130       0x40 ./Core/Src/tim.o
                0x20000130                htim6
 .bss.huart1    0x20000170       0x48 ./Core/Src/usart.o
                0x20000170                huart1
 .bss.hdma_usart1_tx
                0x200001b8       0x44 ./Core/Src/usart.o
                0x200001b8                hdma_usart1_tx
 .bss.uwTick    0x200001fc        0x4 ./Drivers/STM32L1xx_HAL_Driver/Src/stm32l1xx_hal.o
                0x200001fc                uwTick
 .bss.__sf      0x20000200      0x138 C:/ST/STM32CubeIDE_1.14.1/STM32CubeIDE/plugins/com.st.stm32cube.ide.mcu.externaltools.gnu-tools-for-stm32.12.3.rel1.win32_1.0.200.202406191623/tools/bin/../lib/gcc/arm-none-eabi/12.3.1/../../../../arm-none-eabi/lib/thumb/v7-m/nofp\libc_nano.a(libc_a-findfp.o)
                0x20000200                __sf
 .bss.errno     0x20000338        0x4 C:/ST/STM32CubeIDE_1.14.1/STM32CubeIDE/plugins/com.st.stm32cube.ide.mcu.externaltools.gnu-tools-for-stm32.12.3.rel1.win32_1.0.200.202406191623/tools/bin/../lib/gcc/arm-none-eabi/12.3.1/../../../../arm-none-eabi/lib/thumb/v7-m/nofp\libc_nano.a(libc_a-reent.o)
                0x20000338                errno
 .bss.__lock___malloc_recursive_mutex
                0x2000033c        0x1 C:/ST/STM32CubeIDE_1.14.1/STM32CubeIDE/plugins/com.st.stm32cube.ide.mcu.externaltools.gnu-tools-for-stm32.12.3.rel1.win32_1.0.200.202406191623/tools/bin/../lib/gcc/arm-none-eabi/12.3.1/../../../../arm-none-eabi/lib/thumb/v7-m/nofp\libc_nano.a(libc_a-lock.o)
                0x2000033c                __lock___malloc_recursive_mutex
 *fill*         0x2000033d        0x3 
 .bss.__malloc_sbrk_start
                0x20000340        0x4 C:/ST/STM32CubeIDE_1.14.1/STM32CubeIDE/plugins/com.st.stm32cube.ide.mcu.externaltools.gnu-tools-for-stm32.12.3.rel1.win32_1.0.200.202406191623/tools/bin/../lib/gcc/arm-none-eabi/12.3.1/../../../../arm-none-eabi/lib/thumb/v7-m/nofp\libc_nano.a(libc_a-mallocr.o)
                0x20000340                __malloc_sbrk_start
 .bss.__malloc_free_list
                0x20000344        0x4 C:/ST/STM32CubeIDE_1.14.1/STM32CubeIDE/plugins/com.st.stm32cube.ide.mcu.externaltools.gnu-tools-for-stm32.12.3.rel1.win32_1.0.200.202406191623/tools/bin/../lib/gcc/arm-none-eabi/12.3.1/../../../../arm-none-eabi/lib/thumb/v7-m/nofp\libc_nano.a(libc_a-mallocr.o)
                0x20000344                __malloc_free_list
 *(COMMON)
                0x20000348                        . = ALIGN (0x4)
                0x20000348                        _ebss = .
                0x20000348                        __bss_end__ = _ebss

._user_heap_stack
                0x20000348      0x600 load address 0x080050d4
                0x20000348                        . = ALIGN (0x8)
                [!provide]                        PROVIDE (end = .)
                0x20000348                        PROVIDE (_end = .)
                0x20000548                        . = (. + _Min_Heap_Size)
 *fill*         0x20000348      0x200 
                0x20000948                        . = (. + _Min_Stack_Size)
 *fill*         0x20000548      0x400 
                0x20000948                        . = ALIGN (0x8)

/DISCARD/
 libc.a(*)
 libm.a(*)
 libgcc.a(*)

.ARM.attributes
                0x00000000       0x29
 *(.ARM.attributes)
 .ARM.attributes
                0x00000000       0x1d C:/ST/STM32CubeIDE_1.14.1/STM32CubeIDE/plugins/com.st.stm32cube.ide.mcu.externaltools.gnu-tools-for-stm32.12.3.rel1.win32_1.0.200.202406191623/tools/bin/../lib/gcc/arm-none-eabi/12.3.1/thumb/v7-m/nofp/crti.o
 .ARM.attributes
                0x0000001d       0x2d C:/ST/STM32CubeIDE_1.14.1/STM32CubeIDE/plugins/com.st.stm32cube.ide.mcu.externaltools.gnu-tools-for-stm32.12.3.rel1.win32_1.0.200.202406191623/tools/bin/../lib/gcc/arm-none-eabi/12.3.1/thumb/v7-m/nofp/crtbegin.o
 .ARM.attributes
                0x0000004a       0x2d ./Core/Src/adc.o
 .ARM.attributes
                0x00000077       0x2d ./Core/Src/dma.o
 .ARM.attributes
                0x000000a4       0x2d ./Core/Src/gpio.o
 .ARM.attributes
                0x000000d1       0x2d ./Core/Src/main.o
 .ARM.attributes
                0x000000fe       0x2d ./Core/Src/stm32l1xx_hal_msp.o
 .ARM.attributes
                0x0000012b       0x2d ./Core/Src/stm32l1xx_it.o
 .ARM.attributes
                0x00000158       0x2d ./Core/Src/sysmem.o
 .ARM.attributes
                0x00000185       0x2d ./Core/Src/system_stm32l1xx.o
 .ARM.attributes
                0x000001b2       0x2d ./Core/Src/tim.o
 .ARM.attributes
                0x000001df       0x2d ./Core/Src/usart.o
 .ARM.attributes
                0x0000020c       0x21 ./Core/Startup/startup_stm32l152rbtx.o
 .ARM.attributes
                0x0000022d       0x2d ./Drivers/STM32L1xx_HAL_Driver/Src/stm32l1xx_hal.o
 .ARM.attributes
                0x0000025a       0x2d ./Drivers/STM32L1xx_HAL_Driver/Src/stm32l1xx_hal_adc.o
 .ARM.attributes
                0x00000287       0x2d ./Drivers/STM32L1xx_HAL_Driver/Src/stm32l1xx_hal_adc_ex.o
 .ARM.attributes
                0x000002b4       0x2d ./Drivers/STM32L1xx_HAL_Driver/Src/stm32l1xx_hal_cortex.o
 .ARM.attributes
                0x000002e1       0x2d ./Drivers/STM32L1xx_HAL_Driver/Src/stm32l1xx_hal_dma.o
 .ARM.attributes
                0x0000030e       0x2d ./Drivers/STM32L1xx_HAL_Driver/Src/stm32l1xx_hal_gpio.o
 .ARM.attributes
                0x0000033b       0x2d ./Drivers/STM32L1xx_HAL_Driver/Src/stm32l1xx_hal_rcc.o
 .ARM.attributes
                0x00000368       0x2d ./Drivers/STM32L1xx_HAL_Driver/Src/stm32l1xx_hal_tim.o
 .ARM.attributes
                0x00000395       0x2d ./Drivers/STM32L1xx_HAL_Driver/Src/stm32l1xx_hal_tim_ex.o
 .ARM.attributes
                0x000003c2       0x2d ./Drivers/STM32L1xx_HAL_Driver/Src/stm32l1xx_hal_uart.o
 .ARM.attributes
                0x000003ef       0x2d C:/ST/STM32CubeIDE_1.14.1/STM32CubeIDE/plugins/com.st.stm32cube.ide.mcu.externaltools.gnu-tools-for-stm32.12.3.rel1.win32_1.0.200.202406191623/tools/bin/../lib/gcc/arm-none-eabi/12.3.1/../../../../arm-none-eabi/lib/thumb/v7-m/nofp\libc_nano.a(libc_a-findfp.o)
 .ARM.attributes
                0x0000041c       0x2d C:/ST/STM32CubeIDE_1.14.1/STM32CubeIDE/plugins/com.st.stm32cube.ide.mcu.externaltools.gnu-tools-for-stm32.12.3.rel1.win32_1.0.200.202406191623/tools/bin/../lib/gcc/arm-none-eabi/12.3.1/../../../../arm-none-eabi/lib/thumb/v7-m/nofp\libc_nano.a(libc_a-sprintf.o)
 .ARM.attributes
                0x00000449       0x2d C:/ST/STM32CubeIDE_1.14.1/STM32CubeIDE/plugins/com.st.stm32cube.ide.mcu.externaltools.gnu-tools-for-stm32.12.3.rel1.win32_1.0.200.202406191623/tools/bin/../lib/gcc/arm-none-eabi/12.3.1/../../../../arm-none-eabi/lib/thumb/v7-m/nofp\libc_nano.a(libc_a-memset.o)
 .ARM.attributes
                0x00000476       0x2d C:/ST/STM32CubeIDE_1.14.1/STM32CubeIDE/plugins/com.st.stm32cube.ide.mcu.externaltools.gnu-tools-for-stm32.12.3.rel1.win32_1.0.200.202406191623/tools/bin/../lib/gcc/arm-none-eabi/12.3.1/../../../../arm-none-eabi/lib/thumb/v7-m/nofp\libc_nano.a(libc_a-reent.o)
 .ARM.attributes
                0x000004a3       0x2d C:/ST/STM32CubeIDE_1.14.1/STM32CubeIDE/plugins/com.st.stm32cube.ide.mcu.externaltools.gnu-tools-for-stm32.12.3.rel1.win32_1.0.200.202406191623/tools/bin/../lib/gcc/arm-none-eabi/12.3.1/../../../../arm-none-eabi/lib/thumb/v7-m/nofp\libc_nano.a(libc_a-impure.o)
 .ARM.attributes
                0x000004d0       0x2d C:/ST/STM32CubeIDE_1.14.1/STM32CubeIDE/plugins/com.st.stm32cube.ide.mcu.externaltools.gnu-tools-for-stm32.12.3.rel1.win32_1.0.200.202406191623/tools/bin/../lib/gcc/arm-none-eabi/12.3.1/../../../../arm-none-eabi/lib/thumb/v7-m/nofp\libc_nano.a(libc_a-errno.o)
 .ARM.attributes
                0x000004fd       0x2d C:/ST/STM32CubeIDE_1.14.1/STM32CubeIDE/plugins/com.st.stm32cube.ide.mcu.externaltools.gnu-tools-for-stm32.12.3.rel1.win32_1.0.200.202406191623/tools/bin/../lib/gcc/arm-none-eabi/12.3.1/../../../../arm-none-eabi/lib/thumb/v7-m/nofp\libc_nano.a(libc_a-init.o)
 .ARM.attributes
                0x0000052a       0x2d C:/ST/STM32CubeIDE_1.14.1/STM32CubeIDE/plugins/com.st.stm32cube.ide.mcu.externaltools.gnu-tools-for-stm32.12.3.rel1.win32_1.0.200.202406191623/tools/bin/../lib/gcc/arm-none-eabi/12.3.1/../../../../arm-none-eabi/lib/thumb/v7-m/nofp\libc_nano.a(libc_a-lock.o)
 .ARM.attributes
                0x00000557       0x2d C:/ST/STM32CubeIDE_1.14.1/STM32CubeIDE/plugins/com.st.stm32cube.ide.mcu.externaltools.gnu-tools-for-stm32.12.3.rel1.win32_1.0.200.202406191623/tools/bin/../lib/gcc/arm-none-eabi/12.3.1/../../../../arm-none-eabi/lib/thumb/v7-m/nofp\libc_nano.a(libc_a-freer.o)
 .ARM.attributes
                0x00000584       0x2d C:/ST/STM32CubeIDE_1.14.1/STM32CubeIDE/plugins/com.st.stm32cube.ide.mcu.externaltools.gnu-tools-for-stm32.12.3.rel1.win32_1.0.200.202406191623/tools/bin/../lib/gcc/arm-none-eabi/12.3.1/../../../../arm-none-eabi/lib/thumb/v7-m/nofp\libc_nano.a(libc_a-mallocr.o)
 .ARM.attributes
                0x000005b1       0x2d C:/ST/STM32CubeIDE_1.14.1/STM32CubeIDE/plugins/com.st.stm32cube.ide.mcu.externaltools.gnu-tools-for-stm32.12.3.rel1.win32_1.0.200.202406191623/tools/bin/../lib/gcc/arm-none-eabi/12.3.1/../../../../arm-none-eabi/lib/thumb/v7-m/nofp\libc_nano.a(libc_a-mlock.o)
 .ARM.attributes
                0x000005de       0x2d C:/ST/STM32CubeIDE_1.14.1/STM32CubeIDE/plugins/com.st.stm32cube.ide.mcu.externaltools.gnu-tools-for-stm32.12.3.rel1.win32_1.0.200.202406191623/tools/bin/../lib/gcc/arm-none-eabi/12.3.1/../../../../arm-none-eabi/lib/thumb/v7-m/nofp\libc_nano.a(libc_a-nano-svfprintf.o)
 .ARM.attributes
                0x0000060b       0x2d C:/ST/STM32CubeIDE_1.14.1/STM32CubeIDE/plugins/com.st.stm32cube.ide.mcu.externaltools.gnu-tools-for-stm32.12.3.rel1.win32_1.0.200.202406191623/tools/bin/../lib/gcc/arm-none-eabi/12.3.1/../../../../arm-none-eabi/lib/thumb/v7-m/nofp\libc_nano.a(libc_a-nano-vfprintf_i.o)
 .ARM.attributes
                0x00000638       0x2d C:/ST/STM32CubeIDE_1.14.1/STM32CubeIDE/plugins/com.st.stm32cube.ide.mcu.externaltools.gnu-tools-for-stm32.12.3.rel1.win32_1.0.200.202406191623/tools/bin/../lib/gcc/arm-none-eabi/12.3.1/../../../../arm-none-eabi/lib/thumb/v7-m/nofp\libc_nano.a(libc_a-memmove.o)
 .ARM.attributes
                0x00000665       0x2d C:/ST/STM32CubeIDE_1.14.1/STM32CubeIDE/plugins/com.st.stm32cube.ide.mcu.externaltools.gnu-tools-for-stm32.12.3.rel1.win32_1.0.200.202406191623/tools/bin/../lib/gcc/arm-none-eabi/12.3.1/../../../../arm-none-eabi/lib/thumb/v7-m/nofp\libc_nano.a(libc_a-sbrkr.o)
 .ARM.attributes
                0x00000692       0x2d C:/ST/STM32CubeIDE_1.14.1/STM32CubeIDE/plugins/com.st.stm32cube.ide.mcu.externaltools.gnu-tools-for-stm32.12.3.rel1.win32_1.0.200.202406191623/tools/bin/../lib/gcc/arm-none-eabi/12.3.1/../../../../arm-none-eabi/lib/thumb/v7-m/nofp\libc_nano.a(libc_a-memchr-stub.o)
 .ARM.attributes
                0x000006bf       0x2d C:/ST/STM32CubeIDE_1.14.1/STM32CubeIDE/plugins/com.st.stm32cube.ide.mcu.externaltools.gnu-tools-for-stm32.12.3.rel1.win32_1.0.200.202406191623/tools/bin/../lib/gcc/arm-none-eabi/12.3.1/../../../../arm-none-eabi/lib/thumb/v7-m/nofp\libc_nano.a(libc_a-memcpy-stub.o)
 .ARM.attributes
                0x000006ec       0x2d C:/ST/STM32CubeIDE_1.14.1/STM32CubeIDE/plugins/com.st.stm32cube.ide.mcu.externaltools.gnu-tools-for-stm32.12.3.rel1.win32_1.0.200.202406191623/tools/bin/../lib/gcc/arm-none-eabi/12.3.1/../../../../arm-none-eabi/lib/thumb/v7-m/nofp\libc_nano.a(libc_a-reallocr.o)
 .ARM.attributes
                0x00000719       0x2d C:/ST/STM32CubeIDE_1.14.1/STM32CubeIDE/plugins/com.st.stm32cube.ide.mcu.externaltools.gnu-tools-for-stm32.12.3.rel1.win32_1.0.200.202406191623/tools/bin/../lib/gcc/arm-none-eabi/12.3.1/../../../../arm-none-eabi/lib/thumb/v7-m/nofp\libc_nano.a(libc_a-msizer.o)
 .ARM.attributes
                0x00000746       0x1d C:/ST/STM32CubeIDE_1.14.1/STM32CubeIDE/plugins/com.st.stm32cube.ide.mcu.externaltools.gnu-tools-for-stm32.12.3.rel1.win32_1.0.200.202406191623/tools/bin/../lib/gcc/arm-none-eabi/12.3.1/thumb/v7-m/nofp\libgcc.a(_arm_addsubdf3.o)
 .ARM.attributes
                0x00000763       0x1d C:/ST/STM32CubeIDE_1.14.1/STM32CubeIDE/plugins/com.st.stm32cube.ide.mcu.externaltools.gnu-tools-for-stm32.12.3.rel1.win32_1.0.200.202406191623/tools/bin/../lib/gcc/arm-none-eabi/12.3.1/thumb/v7-m/nofp\libgcc.a(_arm_muldivdf3.o)
 .ARM.attributes
                0x00000780       0x1d C:/ST/STM32CubeIDE_1.14.1/STM32CubeIDE/plugins/com.st.stm32cube.ide.mcu.externaltools.gnu-tools-for-stm32.12.3.rel1.win32_1.0.200.202406191623/tools/bin/../lib/gcc/arm-none-eabi/12.3.1/thumb/v7-m/nofp\libgcc.a(_arm_fixdfsi.o)
 .ARM.attributes
                0x0000079d       0x1d C:/ST/STM32CubeIDE_1.14.1/STM32CubeIDE/plugins/com.st.stm32cube.ide.mcu.externaltools.gnu-tools-for-stm32.12.3.rel1.win32_1.0.200.202406191623/tools/bin/../lib/gcc/arm-none-eabi/12.3.1/thumb/v7-m/nofp\libgcc.a(_aeabi_uldivmod.o)
 .ARM.attributes
                0x000007ba       0x2d C:/ST/STM32CubeIDE_1.14.1/STM32CubeIDE/plugins/com.st.stm32cube.ide.mcu.externaltools.gnu-tools-for-stm32.12.3.rel1.win32_1.0.200.202406191623/tools/bin/../lib/gcc/arm-none-eabi/12.3.1/thumb/v7-m/nofp\libgcc.a(_udivmoddi4.o)
 .ARM.attributes
                0x000007e7       0x1d C:/ST/STM32CubeIDE_1.14.1/STM32CubeIDE/plugins/com.st.stm32cube.ide.mcu.externaltools.gnu-tools-for-stm32.12.3.rel1.win32_1.0.200.202406191623/tools/bin/../lib/gcc/arm-none-eabi/12.3.1/thumb/v7-m/nofp\libgcc.a(_dvmd_tls.o)
 .ARM.attributes
                0x00000804       0x1d C:/ST/STM32CubeIDE_1.14.1/STM32CubeIDE/plugins/com.st.stm32cube.ide.mcu.externaltools.gnu-tools-for-stm32.12.3.rel1.win32_1.0.200.202406191623/tools/bin/../lib/gcc/arm-none-eabi/12.3.1/thumb/v7-m/nofp/crtn.o
OUTPUT(Test_adc_l1.elf elf32-littlearm)
LOAD linker stubs
LOAD C:/ST/STM32CubeIDE_1.14.1/STM32CubeIDE/plugins/com.st.stm32cube.ide.mcu.externaltools.gnu-tools-for-stm32.12.3.rel1.win32_1.0.200.202406191623/tools/bin/../lib/gcc/arm-none-eabi/12.3.1/../../../../arm-none-eabi/lib/thumb/v7-m/nofp\libc.a
LOAD C:/ST/STM32CubeIDE_1.14.1/STM32CubeIDE/plugins/com.st.stm32cube.ide.mcu.externaltools.gnu-tools-for-stm32.12.3.rel1.win32_1.0.200.202406191623/tools/bin/../lib/gcc/arm-none-eabi/12.3.1/../../../../arm-none-eabi/lib/thumb/v7-m/nofp\libm.a
LOAD C:/ST/STM32CubeIDE_1.14.1/STM32CubeIDE/plugins/com.st.stm32cube.ide.mcu.externaltools.gnu-tools-for-stm32.12.3.rel1.win32_1.0.200.202406191623/tools/bin/../lib/gcc/arm-none-eabi/12.3.1/thumb/v7-m/nofp\libgcc.a

.debug_info     0x00000000     0xe4ee
 .debug_info    0x00000000      0x945 ./Core/Src/adc.o
 .debug_info    0x00000945      0x30b ./Core/Src/dma.o
 .debug_info    0x00000c50      0x492 ./Core/Src/gpio.o
 .debug_info    0x000010e2     0x1003 ./Core/Src/main.o
 .debug_info    0x000020e5      0x1c7 ./Core/Src/stm32l1xx_hal_msp.o
 .debug_info    0x000022ac      0xc7d ./Core/Src/stm32l1xx_it.o
 .debug_info    0x00002f29      0x168 ./Core/Src/sysmem.o
 .debug_info    0x00003091      0x27c ./Core/Src/system_stm32l1xx.o
 .debug_info    0x0000330d      0x961 ./Core/Src/tim.o
 .debug_info    0x00003c6e      0x9ed ./Core/Src/usart.o
 .debug_info    0x0000465b       0x30 ./Core/Startup/startup_stm32l152rbtx.o
 .debug_info    0x0000468b      0x6b3 ./Drivers/STM32L1xx_HAL_Driver/Src/stm32l1xx_hal.o
 .debug_info    0x00004d3e      0xe7c ./Drivers/STM32L1xx_HAL_Driver/Src/stm32l1xx_hal_adc.o
 .debug_info    0x00005bba      0x90e ./Drivers/STM32L1xx_HAL_Driver/Src/stm32l1xx_hal_adc_ex.o
 .debug_info    0x000064c8      0xc74 ./Drivers/STM32L1xx_HAL_Driver/Src/stm32l1xx_hal_cortex.o
 .debug_info    0x0000713c      0x6dd ./Drivers/STM32L1xx_HAL_Driver/Src/stm32l1xx_hal_dma.o
 .debug_info    0x00007819      0x5a6 ./Drivers/STM32L1xx_HAL_Driver/Src/stm32l1xx_hal_gpio.o
 .debug_info    0x00007dbf      0x93b ./Drivers/STM32L1xx_HAL_Driver/Src/stm32l1xx_hal_rcc.o
 .debug_info    0x000086fa     0x27a6 ./Drivers/STM32L1xx_HAL_Driver/Src/stm32l1xx_hal_tim.o
 .debug_info    0x0000aea0      0x69f ./Drivers/STM32L1xx_HAL_Driver/Src/stm32l1xx_hal_tim_ex.o
 .debug_info    0x0000b53f     0x2faf ./Drivers/STM32L1xx_HAL_Driver/Src/stm32l1xx_hal_uart.o

.debug_abbrev   0x00000000     0x2749
 .debug_abbrev  0x00000000      0x1ef ./Core/Src/adc.o
 .debug_abbrev  0x000001ef       0xfc ./Core/Src/dma.o
 .debug_abbrev  0x000002eb      0x15b ./Core/Src/gpio.o
 .debug_abbrev  0x00000446      0x26f ./Core/Src/main.o
 .debug_abbrev  0x000006b5       0xe2 ./Core/Src/stm32l1xx_hal_msp.o
 .debug_abbrev  0x00000797      0x1c5 ./Core/Src/stm32l1xx_it.o
 .debug_abbrev  0x0000095c       0xbc ./Core/Src/sysmem.o
 .debug_abbrev  0x00000a18      0x11c ./Core/Src/system_stm32l1xx.o
 .debug_abbrev  0x00000b34      0x21d ./Core/Src/tim.o
 .debug_abbrev  0x00000d51      0x213 ./Core/Src/usart.o
 .debug_abbrev  0x00000f64       0x24 ./Core/Startup/startup_stm32l152rbtx.o
 .debug_abbrev  0x00000f88      0x275 ./Drivers/STM32L1xx_HAL_Driver/Src/stm32l1xx_hal.o
 .debug_abbrev  0x000011fd      0x294 ./Drivers/STM32L1xx_HAL_Driver/Src/stm32l1xx_hal_adc.o
 .debug_abbrev  0x00001491      0x234 ./Drivers/STM32L1xx_HAL_Driver/Src/stm32l1xx_hal_adc_ex.o
 .debug_abbrev  0x000016c5      0x327 ./Drivers/STM32L1xx_HAL_Driver/Src/stm32l1xx_hal_cortex.o
 .debug_abbrev  0x000019ec      0x1dc ./Drivers/STM32L1xx_HAL_Driver/Src/stm32l1xx_hal_dma.o
 .debug_abbrev  0x00001bc8      0x1d4 ./Drivers/STM32L1xx_HAL_Driver/Src/stm32l1xx_hal_gpio.o
 .debug_abbrev  0x00001d9c      0x2b8 ./Drivers/STM32L1xx_HAL_Driver/Src/stm32l1xx_hal_rcc.o
 .debug_abbrev  0x00002054      0x272 ./Drivers/STM32L1xx_HAL_Driver/Src/stm32l1xx_hal_tim.o
 .debug_abbrev  0x000022c6      0x17c ./Drivers/STM32L1xx_HAL_Driver/Src/stm32l1xx_hal_tim_ex.o
 .debug_abbrev  0x00002442      0x307 ./Drivers/STM32L1xx_HAL_Driver/Src/stm32l1xx_hal_uart.o

.debug_aranges  0x00000000      0xce8
 .debug_aranges
                0x00000000       0x30 ./Core/Src/adc.o
 .debug_aranges
                0x00000030       0x20 ./Core/Src/dma.o
 .debug_aranges
                0x00000050       0x20 ./Core/Src/gpio.o
 .debug_aranges
                0x00000070       0x50 ./Core/Src/main.o
 .debug_aranges
                0x000000c0       0x20 ./Core/Src/stm32l1xx_hal_msp.o
 .debug_aranges
                0x000000e0       0x90 ./Core/Src/stm32l1xx_it.o
 .debug_aranges
                0x00000170       0x20 ./Core/Src/sysmem.o
 .debug_aranges
                0x00000190       0x28 ./Core/Src/system_stm32l1xx.o
 .debug_aranges
                0x000001b8       0x30 ./Core/Src/tim.o
 .debug_aranges
                0x000001e8       0x30 ./Core/Src/usart.o
 .debug_aranges
                0x00000218       0x28 ./Core/Startup/startup_stm32l152rbtx.o
 .debug_aranges
                0x00000240       0xe0 ./Drivers/STM32L1xx_HAL_Driver/Src/stm32l1xx_hal.o
 .debug_aranges
                0x00000320       0xf0 ./Drivers/STM32L1xx_HAL_Driver/Src/stm32l1xx_hal_adc.o
 .debug_aranges
                0x00000410       0x58 ./Drivers/STM32L1xx_HAL_Driver/Src/stm32l1xx_hal_adc_ex.o
 .debug_aranges
                0x00000468      0x118 ./Drivers/STM32L1xx_HAL_Driver/Src/stm32l1xx_hal_cortex.o
 .debug_aranges
                0x00000580       0x80 ./Drivers/STM32L1xx_HAL_Driver/Src/stm32l1xx_hal_dma.o
 .debug_aranges
                0x00000600       0x58 ./Drivers/STM32L1xx_HAL_Driver/Src/stm32l1xx_hal_gpio.o
 .debug_aranges
                0x00000658       0x90 ./Drivers/STM32L1xx_HAL_Driver/Src/stm32l1xx_hal_rcc.o
 .debug_aranges
                0x000006e8      0x3d0 ./Drivers/STM32L1xx_HAL_Driver/Src/stm32l1xx_hal_tim.o
 .debug_aranges
                0x00000ab8       0x28 ./Drivers/STM32L1xx_HAL_Driver/Src/stm32l1xx_hal_tim_ex.o
 .debug_aranges
                0x00000ae0      0x208 ./Drivers/STM32L1xx_HAL_Driver/Src/stm32l1xx_hal_uart.o

.debug_rnglists
                0x00000000      0x9de
 .debug_rnglists
                0x00000000       0x21 ./Core/Src/adc.o
 .debug_rnglists
                0x00000021       0x13 ./Core/Src/dma.o
 .debug_rnglists
                0x00000034       0x14 ./Core/Src/gpio.o
 .debug_rnglists
                0x00000048       0x39 ./Core/Src/main.o
 .debug_rnglists
                0x00000081       0x13 ./Core/Src/stm32l1xx_hal_msp.o
 .debug_rnglists
                0x00000094       0x67 ./Core/Src/stm32l1xx_it.o
 .debug_rnglists
                0x000000fb       0x13 ./Core/Src/sysmem.o
 .debug_rnglists
                0x0000010e       0x1a ./Core/Src/system_stm32l1xx.o
 .debug_rnglists
                0x00000128       0x1f ./Core/Src/tim.o
 .debug_rnglists
                0x00000147       0x20 ./Core/Src/usart.o
 .debug_rnglists
                0x00000167       0x19 ./Core/Startup/startup_stm32l152rbtx.o
 .debug_rnglists
                0x00000180       0xa3 ./Drivers/STM32L1xx_HAL_Driver/Src/stm32l1xx_hal.o
 .debug_rnglists
                0x00000223       0xbd ./Drivers/STM32L1xx_HAL_Driver/Src/stm32l1xx_hal_adc.o
 .debug_rnglists
                0x000002e0       0x43 ./Drivers/STM32L1xx_HAL_Driver/Src/stm32l1xx_hal_adc_ex.o
 .debug_rnglists
                0x00000323       0xce ./Drivers/STM32L1xx_HAL_Driver/Src/stm32l1xx_hal_cortex.o
 .debug_rnglists
                0x000003f1       0x64 ./Drivers/STM32L1xx_HAL_Driver/Src/stm32l1xx_hal_dma.o
 .debug_rnglists
                0x00000455       0x3f ./Drivers/STM32L1xx_HAL_Driver/Src/stm32l1xx_hal_gpio.o
 .debug_rnglists
                0x00000494       0x6d ./Drivers/STM32L1xx_HAL_Driver/Src/stm32l1xx_hal_rcc.o
 .debug_rnglists
                0x00000501      0x307 ./Drivers/STM32L1xx_HAL_Driver/Src/stm32l1xx_hal_tim.o
 .debug_rnglists
                0x00000808       0x1a ./Drivers/STM32L1xx_HAL_Driver/Src/stm32l1xx_hal_tim_ex.o
 .debug_rnglists
                0x00000822      0x1bc ./Drivers/STM32L1xx_HAL_Driver/Src/stm32l1xx_hal_uart.o

.debug_macro    0x00000000    0x14c8a
 .debug_macro   0x00000000      0x1d7 ./Core/Src/adc.o
 .debug_macro   0x000001d7      0xaa8 ./Core/Src/adc.o
 .debug_macro   0x00000c7f      0x115 ./Core/Src/adc.o
 .debug_macro   0x00000d94       0x2e ./Core/Src/adc.o
 .debug_macro   0x00000dc2       0x22 ./Core/Src/adc.o
 .debug_macro   0x00000de4       0x22 ./Core/Src/adc.o
 .debug_macro   0x00000e06       0x8e ./Core/Src/adc.o
 .debug_macro   0x00000e94       0x51 ./Core/Src/adc.o
 .debug_macro   0x00000ee5      0x103 ./Core/Src/adc.o
 .debug_macro   0x00000fe8       0x6a ./Core/Src/adc.o
 .debug_macro   0x00001052      0x1df ./Core/Src/adc.o
 .debug_macro   0x00001231       0x1c ./Core/Src/adc.o
 .debug_macro   0x0000124d       0x22 ./Core/Src/adc.o
 .debug_macro   0x0000126f       0xbd ./Core/Src/adc.o
 .debug_macro   0x0000132c      0xe49 ./Core/Src/adc.o
 .debug_macro   0x00002175      0x11f ./Core/Src/adc.o
 .debug_macro   0x00002294     0x9c18 ./Core/Src/adc.o
 .debug_macro   0x0000beac       0x6d ./Core/Src/adc.o
 .debug_macro   0x0000bf19     0x34cc ./Core/Src/adc.o
 .debug_macro   0x0000f3e5      0x189 ./Core/Src/adc.o
 .debug_macro   0x0000f56e       0x5b ./Core/Src/adc.o
 .debug_macro   0x0000f5c9      0xe37 ./Core/Src/adc.o
 .debug_macro   0x00010400       0xbd ./Core/Src/adc.o
 .debug_macro   0x000104bd      0x1b8 ./Core/Src/adc.o
 .debug_macro   0x00010675       0xad ./Core/Src/adc.o
 .debug_macro   0x00010722      0x21e ./Core/Src/adc.o
 .debug_macro   0x00010940      0x236 ./Core/Src/adc.o
 .debug_macro   0x00010b76      0x631 ./Core/Src/adc.o
 .debug_macro   0x000111a7      0x15d ./Core/Src/adc.o
 .debug_macro   0x00011304      0x10e ./Core/Src/adc.o
 .debug_macro   0x00011412      0x281 ./Core/Src/adc.o
 .debug_macro   0x00011693      0x1e9 ./Core/Src/adc.o
 .debug_macro   0x0001187c       0x22 ./Core/Src/adc.o
 .debug_macro   0x0001189e      0x788 ./Core/Src/adc.o
 .debug_macro   0x00012026       0x59 ./Core/Src/adc.o
 .debug_macro   0x0001207f      0x2aa ./Core/Src/adc.o
 .debug_macro   0x00012329      0x15c ./Core/Src/adc.o
 .debug_macro   0x00012485      0x3ce ./Core/Src/adc.o
 .debug_macro   0x00012853      0x1d7 ./Core/Src/dma.o
 .debug_macro   0x00012a2a      0x1d7 ./Core/Src/gpio.o
 .debug_macro   0x00012c01      0x209 ./Core/Src/main.o
 .debug_macro   0x00012e0a      0x1cd ./Core/Src/stm32l1xx_hal_msp.o
 .debug_macro   0x00012fd7      0x1d7 ./Core/Src/stm32l1xx_it.o
 .debug_macro   0x000131ae       0xff ./Core/Src/sysmem.o
 .debug_macro   0x000132ad      0x23c ./Core/Src/sysmem.o
 .debug_macro   0x000134e9      0x1c3 ./Core/Src/system_stm32l1xx.o
 .debug_macro   0x000136ac      0x1d7 ./Core/Src/tim.o
 .debug_macro   0x00013883      0x1d7 ./Core/Src/usart.o
 .debug_macro   0x00013a5a      0x1e7 ./Drivers/STM32L1xx_HAL_Driver/Src/stm32l1xx_hal.o
 .debug_macro   0x00013c41      0x1e0 ./Drivers/STM32L1xx_HAL_Driver/Src/stm32l1xx_hal_adc.o
 .debug_macro   0x00013e21      0x1f9 ./Drivers/STM32L1xx_HAL_Driver/Src/stm32l1xx_hal_adc_ex.o
 .debug_macro   0x0001401a      0x1c3 ./Drivers/STM32L1xx_HAL_Driver/Src/stm32l1xx_hal_cortex.o
 .debug_macro   0x000141dd      0x1c3 ./Drivers/STM32L1xx_HAL_Driver/Src/stm32l1xx_hal_dma.o
 .debug_macro   0x000143a0      0x1ca ./Drivers/STM32L1xx_HAL_Driver/Src/stm32l1xx_hal_gpio.o
 .debug_macro   0x0001456a      0x1d5 ./Drivers/STM32L1xx_HAL_Driver/Src/stm32l1xx_hal_rcc.o
 .debug_macro   0x0001473f      0x1c4 ./Drivers/STM32L1xx_HAL_Driver/Src/stm32l1xx_hal_tim.o
 .debug_macro   0x00014903      0x1c3 ./Drivers/STM32L1xx_HAL_Driver/Src/stm32l1xx_hal_tim_ex.o
 .debug_macro   0x00014ac6      0x1c4 ./Drivers/STM32L1xx_HAL_Driver/Src/stm32l1xx_hal_uart.o

.debug_line     0x00000000    0x1080e
 .debug_line    0x00000000      0x803 ./Core/Src/adc.o
 .debug_line    0x00000803      0x763 ./Core/Src/dma.o
 .debug_line    0x00000f66      0x77f ./Core/Src/gpio.o
 .debug_line    0x000016e5      0x8be ./Core/Src/main.o
 .debug_line    0x00001fa3      0x768 ./Core/Src/stm32l1xx_hal_msp.o
 .debug_line    0x0000270b      0x8b8 ./Core/Src/stm32l1xx_it.o
 .debug_line    0x00002fc3      0x583 ./Core/Src/sysmem.o
 .debug_line    0x00003546      0x806 ./Core/Src/system_stm32l1xx.o
 .debug_line    0x00003d4c      0x7c0 ./Core/Src/tim.o
 .debug_line    0x0000450c      0x7f5 ./Core/Src/usart.o
 .debug_line    0x00004d01       0x79 ./Core/Startup/startup_stm32l152rbtx.o
 .debug_line    0x00004d7a      0xa29 ./Drivers/STM32L1xx_HAL_Driver/Src/stm32l1xx_hal.o
 .debug_line    0x000057a3     0x101b ./Drivers/STM32L1xx_HAL_Driver/Src/stm32l1xx_hal_adc.o
 .debug_line    0x000067be      0xb65 ./Drivers/STM32L1xx_HAL_Driver/Src/stm32l1xx_hal_adc_ex.o
 .debug_line    0x00007323      0xcf4 ./Drivers/STM32L1xx_HAL_Driver/Src/stm32l1xx_hal_cortex.o
 .debug_line    0x00008017      0xc73 ./Drivers/STM32L1xx_HAL_Driver/Src/stm32l1xx_hal_dma.o
 .debug_line    0x00008c8a      0xa79 ./Drivers/STM32L1xx_HAL_Driver/Src/stm32l1xx_hal_gpio.o
 .debug_line    0x00009703      0xf31 ./Drivers/STM32L1xx_HAL_Driver/Src/stm32l1xx_hal_rcc.o
 .debug_line    0x0000a634     0x302f ./Drivers/STM32L1xx_HAL_Driver/Src/stm32l1xx_hal_tim.o
 .debug_line    0x0000d663      0x838 ./Drivers/STM32L1xx_HAL_Driver/Src/stm32l1xx_hal_tim_ex.o
 .debug_line    0x0000de9b     0x2973 ./Drivers/STM32L1xx_HAL_Driver/Src/stm32l1xx_hal_uart.o

.debug_str      0x00000000    0x82277
 .debug_str     0x00000000    0x7cf41 ./Core/Src/adc.o
                              0x7d26f (size before relaxing)
 .debug_str     0x0007cf41       0x29 ./Core/Src/dma.o
                              0x7cdad (size before relaxing)
 .debug_str     0x0007cf6a       0xe9 ./Core/Src/gpio.o
                              0x7ce7b (size before relaxing)
 .debug_str     0x0007d053      0x764 ./Core/Src/main.o
                              0x7d69a (size before relaxing)
 .debug_str     0x0007d7b7       0x49 ./Core/Src/stm32l1xx_hal_msp.o
                              0x7cad5 (size before relaxing)
 .debug_str     0x0007d800      0x1b3 ./Core/Src/stm32l1xx_it.o
                              0x7d495 (size before relaxing)
 .debug_str     0x0007d9b3     0x202f ./Core/Src/sysmem.o
                               0x607f (size before relaxing)
 .debug_str     0x0007f9e2       0x99 ./Core/Src/system_stm32l1xx.o
                              0x7cb26 (size before relaxing)
 .debug_str     0x0007fa7b       0xcf ./Core/Src/tim.o
                              0x7d370 (size before relaxing)
 .debug_str     0x0007fb4a       0x61 ./Core/Src/usart.o
                              0x7d302 (size before relaxing)
 .debug_str     0x0007fbab       0x44 ./Core/Startup/startup_stm32l152rbtx.o
                                 0x8a (size before relaxing)
 .debug_str     0x0007fbef      0x2fe ./Drivers/STM32L1xx_HAL_Driver/Src/stm32l1xx_hal.o
                              0x7d1b4 (size before relaxing)
 .debug_str     0x0007feed      0x305 ./Drivers/STM32L1xx_HAL_Driver/Src/stm32l1xx_hal_adc.o
                              0x7d2b8 (size before relaxing)
 .debug_str     0x000801f2      0x3cf ./Drivers/STM32L1xx_HAL_Driver/Src/stm32l1xx_hal_adc_ex.o
                              0x7d2cb (size before relaxing)
 .debug_str     0x000805c1      0x3ac ./Drivers/STM32L1xx_HAL_Driver/Src/stm32l1xx_hal_cortex.o
                              0x7d28e (size before relaxing)
 .debug_str     0x0008096d      0x204 ./Drivers/STM32L1xx_HAL_Driver/Src/stm32l1xx_hal_dma.o
                              0x7ceab (size before relaxing)
 .debug_str     0x00080b71       0xca ./Drivers/STM32L1xx_HAL_Driver/Src/stm32l1xx_hal_gpio.o
                              0x7ccb9 (size before relaxing)
 .debug_str     0x00080c3b      0x26f ./Drivers/STM32L1xx_HAL_Driver/Src/stm32l1xx_hal_rcc.o
                              0x7cfc7 (size before relaxing)
 .debug_str     0x00080eaa      0xda8 ./Drivers/STM32L1xx_HAL_Driver/Src/stm32l1xx_hal_tim.o
                              0x7de19 (size before relaxing)
 .debug_str     0x00081c52       0x57 ./Drivers/STM32L1xx_HAL_Driver/Src/stm32l1xx_hal_tim_ex.o
                              0x7cfce (size before relaxing)
 .debug_str     0x00081ca9      0x5ce ./Drivers/STM32L1xx_HAL_Driver/Src/stm32l1xx_hal_uart.o
                              0x7d58b (size before relaxing)

.comment        0x00000000       0x43
 .comment       0x00000000       0x43 ./Core/Src/adc.o
                                 0x44 (size before relaxing)
 .comment       0x00000043       0x44 ./Core/Src/dma.o
 .comment       0x00000043       0x44 ./Core/Src/gpio.o
 .comment       0x00000043       0x44 ./Core/Src/main.o
 .comment       0x00000043       0x44 ./Core/Src/stm32l1xx_hal_msp.o
 .comment       0x00000043       0x44 ./Core/Src/stm32l1xx_it.o
 .comment       0x00000043       0x44 ./Core/Src/sysmem.o
 .comment       0x00000043       0x44 ./Core/Src/system_stm32l1xx.o
 .comment       0x00000043       0x44 ./Core/Src/tim.o
 .comment       0x00000043       0x44 ./Core/Src/usart.o
 .comment       0x00000043       0x44 ./Drivers/STM32L1xx_HAL_Driver/Src/stm32l1xx_hal.o
 .comment       0x00000043       0x44 ./Drivers/STM32L1xx_HAL_Driver/Src/stm32l1xx_hal_adc.o
 .comment       0x00000043       0x44 ./Drivers/STM32L1xx_HAL_Driver/Src/stm32l1xx_hal_adc_ex.o
 .comment       0x00000043       0x44 ./Drivers/STM32L1xx_HAL_Driver/Src/stm32l1xx_hal_cortex.o
 .comment       0x00000043       0x44 ./Drivers/STM32L1xx_HAL_Driver/Src/stm32l1xx_hal_dma.o
 .comment       0x00000043       0x44 ./Drivers/STM32L1xx_HAL_Driver/Src/stm32l1xx_hal_gpio.o
 .comment       0x00000043       0x44 ./Drivers/STM32L1xx_HAL_Driver/Src/stm32l1xx_hal_rcc.o
 .comment       0x00000043       0x44 ./Drivers/STM32L1xx_HAL_Driver/Src/stm32l1xx_hal_tim.o
 .comment       0x00000043       0x44 ./Drivers/STM32L1xx_HAL_Driver/Src/stm32l1xx_hal_tim_ex.o
 .comment       0x00000043       0x44 ./Drivers/STM32L1xx_HAL_Driver/Src/stm32l1xx_hal_uart.o

.debug_frame    0x00000000     0x3a54
 .debug_frame   0x00000000       0x7c ./Core/Src/adc.o
 .debug_frame   0x0000007c       0x34 ./Core/Src/dma.o
 .debug_frame   0x000000b0       0x34 ./Core/Src/gpio.o
 .debug_frame   0x000000e4       0xfc ./Core/Src/main.o
 .debug_frame   0x000001e0       0x34 ./Core/Src/stm32l1xx_hal_msp.o
 .debug_frame   0x00000214      0x1ac ./Core/Src/stm32l1xx_it.o
 .debug_frame   0x000003c0       0x34 ./Core/Src/sysmem.o
 .debug_frame   0x000003f4       0x58 ./Core/Src/system_stm32l1xx.o
 .debug_frame   0x0000044c       0x7c ./Core/Src/tim.o
 .debug_frame   0x000004c8       0x74 ./Core/Src/usart.o
 .debug_frame   0x0000053c      0x33c ./Drivers/STM32L1xx_HAL_Driver/Src/stm32l1xx_hal.o
 .debug_frame   0x00000878      0x40c ./Drivers/STM32L1xx_HAL_Driver/Src/stm32l1xx_hal_adc.o
 .debug_frame   0x00000c84      0x140 ./Drivers/STM32L1xx_HAL_Driver/Src/stm32l1xx_hal_adc_ex.o
 .debug_frame   0x00000dc4      0x498 ./Drivers/STM32L1xx_HAL_Driver/Src/stm32l1xx_hal_cortex.o
 .debug_frame   0x0000125c      0x204 ./Drivers/STM32L1xx_HAL_Driver/Src/stm32l1xx_hal_dma.o
 .debug_frame   0x00001460      0x14c ./Drivers/STM32L1xx_HAL_Driver/Src/stm32l1xx_hal_gpio.o
 .debug_frame   0x000015ac      0x224 ./Drivers/STM32L1xx_HAL_Driver/Src/stm32l1xx_hal_rcc.o
 .debug_frame   0x000017d0     0x11b4 ./Drivers/STM32L1xx_HAL_Driver/Src/stm32l1xx_hal_tim.o
 .debug_frame   0x00002984       0x60 ./Drivers/STM32L1xx_HAL_Driver/Src/stm32l1xx_hal_tim_ex.o
 .debug_frame   0x000029e4      0x944 ./Drivers/STM32L1xx_HAL_Driver/Src/stm32l1xx_hal_uart.o
 .debug_frame   0x00003328      0x144 C:/ST/STM32CubeIDE_1.14.1/STM32CubeIDE/plugins/com.st.stm32cube.ide.mcu.externaltools.gnu-tools-for-stm32.12.3.rel1.win32_1.0.200.202406191623/tools/bin/../lib/gcc/arm-none-eabi/12.3.1/../../../../arm-none-eabi/lib/thumb/v7-m/nofp\libc_nano.a(libc_a-findfp.o)
 .debug_frame   0x0000346c       0x6c C:/ST/STM32CubeIDE_1.14.1/STM32CubeIDE/plugins/com.st.stm32cube.ide.mcu.externaltools.gnu-tools-for-stm32.12.3.rel1.win32_1.0.200.202406191623/tools/bin/../lib/gcc/arm-none-eabi/12.3.1/../../../../arm-none-eabi/lib/thumb/v7-m/nofp\libc_nano.a(libc_a-sprintf.o)
 .debug_frame   0x000034d8       0x20 C:/ST/STM32CubeIDE_1.14.1/STM32CubeIDE/plugins/com.st.stm32cube.ide.mcu.externaltools.gnu-tools-for-stm32.12.3.rel1.win32_1.0.200.202406191623/tools/bin/../lib/gcc/arm-none-eabi/12.3.1/../../../../arm-none-eabi/lib/thumb/v7-m/nofp\libc_nano.a(libc_a-memset.o)
 .debug_frame   0x000034f8       0x38 C:/ST/STM32CubeIDE_1.14.1/STM32CubeIDE/plugins/com.st.stm32cube.ide.mcu.externaltools.gnu-tools-for-stm32.12.3.rel1.win32_1.0.200.202406191623/tools/bin/../lib/gcc/arm-none-eabi/12.3.1/../../../../arm-none-eabi/lib/thumb/v7-m/nofp\libc_nano.a(libc_a-reent.o)
 .debug_frame   0x00003530       0x20 C:/ST/STM32CubeIDE_1.14.1/STM32CubeIDE/plugins/com.st.stm32cube.ide.mcu.externaltools.gnu-tools-for-stm32.12.3.rel1.win32_1.0.200.202406191623/tools/bin/../lib/gcc/arm-none-eabi/12.3.1/../../../../arm-none-eabi/lib/thumb/v7-m/nofp\libc_nano.a(libc_a-errno.o)
 .debug_frame   0x00003550       0x2c C:/ST/STM32CubeIDE_1.14.1/STM32CubeIDE/plugins/com.st.stm32cube.ide.mcu.externaltools.gnu-tools-for-stm32.12.3.rel1.win32_1.0.200.202406191623/tools/bin/../lib/gcc/arm-none-eabi/12.3.1/../../../../arm-none-eabi/lib/thumb/v7-m/nofp\libc_nano.a(libc_a-init.o)
 .debug_frame   0x0000357c       0xb0 C:/ST/STM32CubeIDE_1.14.1/STM32CubeIDE/plugins/com.st.stm32cube.ide.mcu.externaltools.gnu-tools-for-stm32.12.3.rel1.win32_1.0.200.202406191623/tools/bin/../lib/gcc/arm-none-eabi/12.3.1/../../../../arm-none-eabi/lib/thumb/v7-m/nofp\libc_nano.a(libc_a-lock.o)
 .debug_frame   0x0000362c       0x38 C:/ST/STM32CubeIDE_1.14.1/STM32CubeIDE/plugins/com.st.stm32cube.ide.mcu.externaltools.gnu-tools-for-stm32.12.3.rel1.win32_1.0.200.202406191623/tools/bin/../lib/gcc/arm-none-eabi/12.3.1/../../../../arm-none-eabi/lib/thumb/v7-m/nofp\libc_nano.a(libc_a-freer.o)
 .debug_frame   0x00003664       0x50 C:/ST/STM32CubeIDE_1.14.1/STM32CubeIDE/plugins/com.st.stm32cube.ide.mcu.externaltools.gnu-tools-for-stm32.12.3.rel1.win32_1.0.200.202406191623/tools/bin/../lib/gcc/arm-none-eabi/12.3.1/../../../../arm-none-eabi/lib/thumb/v7-m/nofp\libc_nano.a(libc_a-mallocr.o)
 .debug_frame   0x000036b4       0x30 C:/ST/STM32CubeIDE_1.14.1/STM32CubeIDE/plugins/com.st.stm32cube.ide.mcu.externaltools.gnu-tools-for-stm32.12.3.rel1.win32_1.0.200.202406191623/tools/bin/../lib/gcc/arm-none-eabi/12.3.1/../../../../arm-none-eabi/lib/thumb/v7-m/nofp\libc_nano.a(libc_a-mlock.o)
 .debug_frame   0x000036e4       0x90 C:/ST/STM32CubeIDE_1.14.1/STM32CubeIDE/plugins/com.st.stm32cube.ide.mcu.externaltools.gnu-tools-for-stm32.12.3.rel1.win32_1.0.200.202406191623/tools/bin/../lib/gcc/arm-none-eabi/12.3.1/../../../../arm-none-eabi/lib/thumb/v7-m/nofp\libc_nano.a(libc_a-nano-svfprintf.o)
 .debug_frame   0x00003774       0x60 C:/ST/STM32CubeIDE_1.14.1/STM32CubeIDE/plugins/com.st.stm32cube.ide.mcu.externaltools.gnu-tools-for-stm32.12.3.rel1.win32_1.0.200.202406191623/tools/bin/../lib/gcc/arm-none-eabi/12.3.1/../../../../arm-none-eabi/lib/thumb/v7-m/nofp\libc_nano.a(libc_a-nano-vfprintf_i.o)
 .debug_frame   0x000037d4       0x28 C:/ST/STM32CubeIDE_1.14.1/STM32CubeIDE/plugins/com.st.stm32cube.ide.mcu.externaltools.gnu-tools-for-stm32.12.3.rel1.win32_1.0.200.202406191623/tools/bin/../lib/gcc/arm-none-eabi/12.3.1/../../../../arm-none-eabi/lib/thumb/v7-m/nofp\libc_nano.a(libc_a-memmove.o)
 .debug_frame   0x000037fc       0x2c C:/ST/STM32CubeIDE_1.14.1/STM32CubeIDE/plugins/com.st.stm32cube.ide.mcu.externaltools.gnu-tools-for-stm32.12.3.rel1.win32_1.0.200.202406191623/tools/bin/../lib/gcc/arm-none-eabi/12.3.1/../../../../arm-none-eabi/lib/thumb/v7-m/nofp\libc_nano.a(libc_a-sbrkr.o)
 .debug_frame   0x00003828       0x28 C:/ST/STM32CubeIDE_1.14.1/STM32CubeIDE/plugins/com.st.stm32cube.ide.mcu.externaltools.gnu-tools-for-stm32.12.3.rel1.win32_1.0.200.202406191623/tools/bin/../lib/gcc/arm-none-eabi/12.3.1/../../../../arm-none-eabi/lib/thumb/v7-m/nofp\libc_nano.a(libc_a-memchr-stub.o)
 .debug_frame   0x00003850       0x28 C:/ST/STM32CubeIDE_1.14.1/STM32CubeIDE/plugins/com.st.stm32cube.ide.mcu.externaltools.gnu-tools-for-stm32.12.3.rel1.win32_1.0.200.202406191623/tools/bin/../lib/gcc/arm-none-eabi/12.3.1/../../../../arm-none-eabi/lib/thumb/v7-m/nofp\libc_nano.a(libc_a-memcpy-stub.o)
 .debug_frame   0x00003878       0x3c C:/ST/STM32CubeIDE_1.14.1/STM32CubeIDE/plugins/com.st.stm32cube.ide.mcu.externaltools.gnu-tools-for-stm32.12.3.rel1.win32_1.0.200.202406191623/tools/bin/../lib/gcc/arm-none-eabi/12.3.1/../../../../arm-none-eabi/lib/thumb/v7-m/nofp\libc_nano.a(libc_a-reallocr.o)
 .debug_frame   0x000038b4       0x20 C:/ST/STM32CubeIDE_1.14.1/STM32CubeIDE/plugins/com.st.stm32cube.ide.mcu.externaltools.gnu-tools-for-stm32.12.3.rel1.win32_1.0.200.202406191623/tools/bin/../lib/gcc/arm-none-eabi/12.3.1/../../../../arm-none-eabi/lib/thumb/v7-m/nofp\libc_nano.a(libc_a-msizer.o)
 .debug_frame   0x000038d4       0xac C:/ST/STM32CubeIDE_1.14.1/STM32CubeIDE/plugins/com.st.stm32cube.ide.mcu.externaltools.gnu-tools-for-stm32.12.3.rel1.win32_1.0.200.202406191623/tools/bin/../lib/gcc/arm-none-eabi/12.3.1/thumb/v7-m/nofp\libgcc.a(_arm_addsubdf3.o)
 .debug_frame   0x00003980       0x50 C:/ST/STM32CubeIDE_1.14.1/STM32CubeIDE/plugins/com.st.stm32cube.ide.mcu.externaltools.gnu-tools-for-stm32.12.3.rel1.win32_1.0.200.202406191623/tools/bin/../lib/gcc/arm-none-eabi/12.3.1/thumb/v7-m/nofp\libgcc.a(_arm_muldivdf3.o)
 .debug_frame   0x000039d0       0x24 C:/ST/STM32CubeIDE_1.14.1/STM32CubeIDE/plugins/com.st.stm32cube.ide.mcu.externaltools.gnu-tools-for-stm32.12.3.rel1.win32_1.0.200.202406191623/tools/bin/../lib/gcc/arm-none-eabi/12.3.1/thumb/v7-m/nofp\libgcc.a(_arm_fixdfsi.o)
 .debug_frame   0x000039f4       0x2c C:/ST/STM32CubeIDE_1.14.1/STM32CubeIDE/plugins/com.st.stm32cube.ide.mcu.externaltools.gnu-tools-for-stm32.12.3.rel1.win32_1.0.200.202406191623/tools/bin/../lib/gcc/arm-none-eabi/12.3.1/thumb/v7-m/nofp\libgcc.a(_aeabi_uldivmod.o)
 .debug_frame   0x00003a20       0x34 C:/ST/STM32CubeIDE_1.14.1/STM32CubeIDE/plugins/com.st.stm32cube.ide.mcu.externaltools.gnu-tools-for-stm32.12.3.rel1.win32_1.0.200.202406191623/tools/bin/../lib/gcc/arm-none-eabi/12.3.1/thumb/v7-m/nofp\libgcc.a(_udivmoddi4.o)

.debug_line_str
                0x00000000       0x6e
 .debug_line_str
                0x00000000       0x6e ./Core/Startup/startup_stm32l152rbtx.o
